ARM Linker, 5.03 [Build 76] [MDK-ARM Professional]

==============================================================================

Section Cross References

    system_stm32f4xx.o(i.SystemCoreClockUpdate) refers to system_stm32f4xx.o(.data) for .data
    stm32f4xx_hal_msp.o(i.HAL_LTDC_MspDeInit) refers to stm32f4xx_hal_gpio.o(i.HAL_GPIO_DeInit) for HAL_GPIO_DeInit
    stm32f4xx_hal_msp.o(i.HAL_LTDC_MspInit) refers to stm32f4xx_hal_gpio.o(i.HAL_GPIO_Init) for HAL_GPIO_Init
    stm32f4xx_hal_msp.o(i.HAL_MspInit) refers to stm32f4xx_hal_cortex.o(i.HAL_NVIC_SetPriorityGrouping) for HAL_NVIC_SetPriorityGrouping
    stm32f4xx_hal_msp.o(i.HAL_MspInit) refers to stm32f4xx_hal_cortex.o(i.HAL_NVIC_SetPriority) for HAL_NVIC_SetPriority
    stm32f4xx_hal_msp.o(i.HAL_TIM_Base_MspDeInit) refers to stm32f4xx_hal_cortex.o(i.HAL_NVIC_DisableIRQ) for HAL_NVIC_DisableIRQ
    stm32f4xx_hal_msp.o(i.HAL_TIM_Base_MspInit) refers to stm32f4xx_hal_cortex.o(i.HAL_NVIC_SetPriority) for HAL_NVIC_SetPriority
    stm32f4xx_hal_msp.o(i.HAL_TIM_Base_MspInit) refers to stm32f4xx_hal_cortex.o(i.HAL_NVIC_EnableIRQ) for HAL_NVIC_EnableIRQ
    main.o(i.EXTI0_IRQHandler) refers to stm32f4xx_hal_gpio.o(i.HAL_GPIO_EXTI_IRQHandler) for HAL_GPIO_EXTI_IRQHandler
    main.o(i.Gyro_SimpleCalibration) refers to stm32f429i_discovery_gyroscope.o(i.BSP_GYRO_GetXYZ) for BSP_GYRO_GetXYZ
    main.o(i.Gyro_SimpleCalibration) refers to main.o(.data) for .data
    main.o(i.HAL_GPIO_EXTI_Callback) refers to main.o(.data) for .data
    main.o(i.MX_GPIO_Init) refers to stm32f4xx_hal_gpio.o(i.HAL_GPIO_Init) for HAL_GPIO_Init
    main.o(i.MX_GPIO_Init) refers to stm32f4xx_hal_cortex.o(i.HAL_NVIC_SetPriority) for HAL_NVIC_SetPriority
    main.o(i.MX_GPIO_Init) refers to stm32f4xx_hal_cortex.o(i.HAL_NVIC_EnableIRQ) for HAL_NVIC_EnableIRQ
    main.o(i.MX_LTDC_Init) refers to stm32f4xx_hal_ltdc.o(i.HAL_LTDC_Init) for HAL_LTDC_Init
    main.o(i.MX_LTDC_Init) refers to main.o(.bss) for .bss
    main.o(i.ResetGame) refers to main.o(i.softResetGame) for softResetGame
    main.o(i.ResetGame) refers to main.o(.data) for .data
    main.o(i.ResetGame) refers to main.o(.bss) for .bss
    main.o(i.StartDefaultTask) refers to cmsis_os.o(i.osDelay) for osDelay
    main.o(i.SystemClock_Config) refers to stm32f4xx_hal_rcc.o(i.HAL_RCC_OscConfig) for HAL_RCC_OscConfig
    main.o(i.SystemClock_Config) refers to stm32f4xx_hal_rcc.o(i.HAL_RCC_ClockConfig) for HAL_RCC_ClockConfig
    main.o(i.SystemClock_Config) refers to stm32f4xx_hal_rcc_ex.o(i.HAL_RCCEx_PeriphCLKConfig) for HAL_RCCEx_PeriphCLKConfig
    main.o(i.WaitForPressedState) refers to cmsis_os.o(i.osDelay) for osDelay
    main.o(i.WaitForPressedState) refers to stm32f4xx_hal.o(i.HAL_GetTick) for HAL_GetTick
    main.o(i.WaitForPressedState) refers to main.o(.data) for .data
    main.o(i.blinkLed) refers to stm32f429i_discovery.o(i.BSP_LED_Toggle) for BSP_LED_Toggle
    main.o(i.blinkLed) refers to cmsis_os.o(i.osDelay) for osDelay
    main.o(i.drawBaseMap) refers to stm32f429i_discovery_lcd.o(i.BSP_LCD_SetTextColor) for BSP_LCD_SetTextColor
    main.o(i.drawBaseMap) refers to stm32f429i_discovery_lcd.o(i.BSP_LCD_FillRect) for BSP_LCD_FillRect
    main.o(i.drawBaseMap) refers to stm32f429i_discovery_lcd.o(i.BSP_LCD_FillCircle) for BSP_LCD_FillCircle
    main.o(i.drawBaseMap) refers to main.o(.data) for .data
    main.o(i.drawMap) refers to stm32f429i_discovery_lcd.o(i.BSP_LCD_SetTextColor) for BSP_LCD_SetTextColor
    main.o(i.drawMap) refers to stm32f429i_discovery_lcd.o(i.BSP_LCD_FillRect) for BSP_LCD_FillRect
    main.o(i.drawMap) refers to stm32f429i_discovery_lcd.o(i.BSP_LCD_FillCircle) for BSP_LCD_FillCircle
    main.o(i.drawMap) refers to main.o(.data) for .data
    main.o(i.drawMap) refers to main.o(.bss) for .bss
    main.o(i.fullReset) refers to main.o(i.ResetGame) for ResetGame
    main.o(i.fullReset) refers to main.o(.data) for .data
    main.o(i.gameLoop) refers to main.o(i.fullReset) for fullReset
    main.o(i.gameLoop) refers to main.o(i.WaitForPressedState) for WaitForPressedState
    main.o(i.gameLoop) refers to stm32f429i_discovery_lcd.o(i.BSP_LCD_Clear) for BSP_LCD_Clear
    main.o(i.gameLoop) refers to stm32f429i_discovery_lcd.o(i.BSP_LCD_SetTextColor) for BSP_LCD_SetTextColor
    main.o(i.gameLoop) refers to stm32f429i_discovery_lcd.o(i.BSP_LCD_FillRect) for BSP_LCD_FillRect
    main.o(i.gameLoop) refers to stm32f429i_discovery_lcd.o(i.BSP_LCD_SetBackColor) for BSP_LCD_SetBackColor
    main.o(i.gameLoop) refers to stm32f429i_discovery_lcd.o(i.BSP_LCD_SetFont) for BSP_LCD_SetFont
    main.o(i.gameLoop) refers to stm32f429i_discovery_lcd.o(i.BSP_LCD_DisplayStringAt) for BSP_LCD_DisplayStringAt
    main.o(i.gameLoop) refers to stm32f429i_discovery_lcd.o(i.BSP_LCD_DrawRect) for BSP_LCD_DrawRect
    main.o(i.gameLoop) refers to main.o(i.drawMap) for drawMap
    main.o(i.gameLoop) refers to printf1.o(i.__0sprintf$1) for __2sprintf
[...]
    i.stmpe811_TS_EnableIT                   0x080074a0   Section        0  stmpe811.o(i.stmpe811_TS_EnableIT)
    i.stmpe811_TS_GetXY                      0x080074ba   Section        0  stmpe811.o(i.stmpe811_TS_GetXY)
    i.stmpe811_TS_ITStatus                   0x080074f8   Section        0  stmpe811.o(i.stmpe811_TS_ITStatus)
    i.stmpe811_TS_Start                      0x08007508   Section        0  stmpe811.o(i.stmpe811_TS_Start)
    i.updateMEMS                             0x080075ac   Section        0  main.o(i.updateMEMS)
    i.uxListRemove                           0x08007724   Section        0  list.o(i.uxListRemove)
    i.vListInitialise                        0x08007748   Section        0  list.o(i.vListInitialise)
    i.vListInitialiseItem                    0x0800775e   Section        0  list.o(i.vListInitialiseItem)
    i.vListInsert                            0x08007764   Section        0  list.o(i.vListInsert)
    i.vListInsertEnd                         0x08007794   Section        0  list.o(i.vListInsertEnd)
    i.vPortEnterCritical                     0x080077ac   Section        0  port.o(i.vPortEnterCritical)
    i.vPortExitCritical                      0x080077e0   Section        0  port.o(i.vPortExitCritical)
    i.vPortFree                              0x08007804   Section        0  heap_4.o(i.vPortFree)
    i.vPortSetupTimerInterrupt               0x0800784c   Section        0  port.o(i.vPortSetupTimerInterrupt)
    i.vPortYield                             0x0800786c   Section        0  port.o(i.vPortYield)
    i.vTaskDelay                             0x08007884   Section        0  tasks.o(i.vTaskDelay)
    i.vTaskStartScheduler                    0x080078d4   Section        0  tasks.o(i.vTaskStartScheduler)
    i.vTaskSuspendAll                        0x08007920   Section        0  tasks.o(i.vTaskSuspendAll)
    i.vTaskSwitchContext                     0x08007930   Section        0  tasks.o(i.vTaskSwitchContext)
    i.xPortStartScheduler                    0x08007984   Section        0  port.o(i.xPortStartScheduler)
    i.xPortSysTickHandler                    0x08007a0c   Section        0  port.o(i.xPortSysTickHandler)
    i.xTaskGenericCreate                     0x08007a30   Section        0  tasks.o(i.xTaskGenericCreate)
    i.xTaskGetSchedulerState                 0x08007bb4   Section        0  tasks.o(i.xTaskGetSchedulerState)
    i.xTaskIncrementTick                     0x08007bd0   Section        0  tasks.o(i.xTaskIncrementTick)
    i.xTaskResumeAll                         0x08007c90   Section        0  tasks.o(i.xTaskResumeAll)
    .constdata                               0x08007d3c   Section      100  main.o(.constdata)
    .constdata                               0x08007da0   Section       16  stm32f4xx_hal_rcc.o(.constdata)
    .constdata                               0x08007db0   Section        8  stm32f429i_discovery.o(.constdata)
    .constdata                               0x08007db8   Section     6840  stm32f429i_discovery_lcd.o(.constdata)
    .constdata                               0x08009870   Section     3800  stm32f429i_discovery_lcd.o(.constdata)
    .constdata                               0x0800a748   Section     3040  stm32f429i_discovery_lcd.o(.constdata)
    .constdata                               0x0800b328   Section     1140  stm32f429i_discovery_lcd.o(.constdata)
    .conststring                             0x0800b79c   Section       35  main.o(.conststring)
    .data                                    0x20000000   Section       20  system_stm32f4xx.o(.data)
    .data                                    0x20000014   Section     1700  main.o(.data)
    map                                      0x2000007c   Data         798  main.o(.data)
    food_base                                0x2000039a   Data         798  main.o(.data)
    .data                                    0x200006b8   Section        4  stm32f4xx_hal.o(.data)
    uwTick                                   0x200006b8   Data           4  stm32f4xx_hal.o(.data)
    .data                                    0x200006bc   Section       12  port.o(.data)
    ucMaxSysCallPriority                     0x200006bc   Data           1  port.o(.data)
    uxCriticalNesting                        0x200006c0   Data           4  port.o(.data)
    ulMaxPRIGROUPValue                       0x200006c4   Data           4  port.o(.data)
    .data                                    0x200006c8   Section       24  heap_4.o(.data)
    pxEnd                                    0x200006c8   Data           4  heap_4.o(.data)
    xFreeBytesRemaining                      0x200006cc   Data           4  heap_4.o(.data)
    xMinimumEverFreeBytesRemaining           0x200006d0   Data           4  heap_4.o(.data)
    xBlockAllocatedBit                       0x200006d4   Data           4  heap_4.o(.data)
    xStart                                   0x200006d8   Data           8  heap_4.o(.data)
    .data                                    0x200006e0   Section       56  tasks.o(.data)
    uxTasksDeleted                           0x200006e4   Data           4  tasks.o(.data)
    uxCurrentNumberOfTasks                   0x200006e8   Data           4  tasks.o(.data)
    xTickCount                               0x200006ec   Data           4  tasks.o(.data)
    uxTopReadyPriority                       0x200006f0   Data           4  tasks.o(.data)
    xSchedulerRunning                        0x200006f4   Data           4  tasks.o(.data)
    uxPendedTicks                            0x200006f8   Data           4  tasks.o(.data)
    xYieldPending                            0x200006fc   Data           4  tasks.o(.data)
    xNumOfOverflows                          0x20000700   Data           4  tasks.o(.data)
    uxTaskNumber                             0x20000704   Data           4  tasks.o(.data)
    xNextTaskUnblockTime                     0x20000708   Data           4  tasks.o(.data)
    uxSchedulerSuspended                     0x2000070c   Data           4  tasks.o(.data)
    pxDelayedTaskList                        0x20000710   Data           4  tasks.o(.data)
    pxOverflowDelayedTaskList                0x20000714   Data           4  tasks.o(.data)
    .data                                    0x20000718   Section       24  stm32f429i_discovery.o(.data)
    Is_LCD_IO_Initialized                    0x20000718   Data           1  stm32f429i_discovery.o(.data)
    .data                                    0x20000730   Section        4  stm32f429i_discovery_gyroscope.o(.data)
    GyroscopeDrv                             0x20000730   Data           4  stm32f429i_discovery_gyroscope.o(.data)
    .data                                    0x20000734   Section       16  stm32f429i_discovery_lcd.o(.data)
    ActiveLayer                              0x20000734   Data           4  stm32f429i_discovery_lcd.o(.data)
    .data                                    0x20000744   Section        8  stm32f429i_discovery_lcd.o(.data)
    .data                                    0x2000074c   Section        8  stm32f429i_discovery_lcd.o(.data)
    .data                                    0x20000754   Section        8  stm32f429i_discovery_lcd.o(.data)
    .data                                    0x2000075c   Section       16  stm32f429i_discovery_ts.o(.data)
    TsXBoundary                              0x2000075c   Data           2  stm32f429i_discovery_ts.o(.data)
    TsYBoundary                              0x2000075e   Data           2  stm32f429i_discovery_ts.o(.data)
    _x                                       0x20000760   Data           4  stm32f429i_discovery_ts.o(.data)
    _y                                       0x20000764   Data           4  stm32f429i_discovery_ts.o(.data)
    TsDrv                                    0x20000768   Data           4  stm32f429i_discovery_ts.o(.data)
    .data                                    0x2000076c   Section       44  l3gd20.o(.data)
    .data                                    0x20000798   Section       56  ili9341.o(.data)
    .data                                    0x200007d0   Section       40  stmpe811.o(.data)
    .data                                    0x200007f8   Section        2  stmpe811.o(.data)
    .bss                                     0x200007fc   Section     2744  main.o(.bss)
    food                                     0x20000e38   Data         798  main.o(.bss)
    .bss                                     0x200012b4   Section    15360  heap_4.o(.bss)
    ucHeap                                   0x200012b4   Data       15360  heap_4.o(.bss)
    .bss                                     0x20004eb4   Section      240  tasks.o(.bss)
    pxReadyTasksLists                        0x20004eb4   Data         140  tasks.o(.bss)
    xDelayedTaskList1                        0x20004f40   Data          20  tasks.o(.bss)
    xDelayedTaskList2                        0x20004f54   Data          20  tasks.o(.bss)
    xPendingReadyList                        0x20004f68   Data          20  tasks.o(.bss)
    xTasksWaitingTermination                 0x20004f7c   Data          20  tasks.o(.bss)
    xSuspendedTaskList                       0x20004f90   Data          20  tasks.o(.bss)
    .bss                                     0x20004fa4   Section      148  stm32f429i_discovery.o(.bss)
    SpiHandle                                0x20004fe0   Data          88  stm32f429i_discovery.o(.bss)
    .bss                                     0x20005038   Section      304  stm32f429i_discovery_lcd.o(.bss)
    LtdcHandler                              0x20005038   Data         168  stm32f429i_discovery_lcd.o(.bss)
    Dma2dHandler                             0x200050e0   Data          64  stm32f429i_discovery_lcd.o(.bss)
    PeriphClkInitStruct                      0x20005120   Data          48  stm32f429i_discovery_lcd.o(.bss)
    DrawProp                                 0x20005150   Data          24  stm32f429i_discovery_lcd.o(.bss)
    .bss                                     0x20005168   Section      176  stm32f429i_discovery_sdram.o(.bss)
    dmaHandle                                0x20005168   Data          80  stm32f429i_discovery_sdram.o(.bss)
    SdramHandle                              0x200051b8   Data          52  stm32f429i_discovery_sdram.o(.bss)
    Timing                                   0x200051ec   Data          28  stm32f429i_discovery_sdram.o(.bss)
    Command                                  0x20005208   Data          16  stm32f429i_discovery_sdram.o(.bss)
    STACK                                    0x20005218   Section     1024  startup_stm32f429xx.o(STACK)

    Global Symbols

    Symbol Name                              Value     Ov Type        Size  Object(Section)

    BuildAttributes$$THM_ISAv4$E$P$D$K$B$S$7EM$VFPi3$EXTD16$VFPS$VFMA$PE$A:L22UL41UL21$X:L11$S22US41US21$IEEE1$IW$USESV6$~STKCKD$USESV7$~SHL$OTIME$ROPI$EBA8$MICROLIB$REQ8$PRES8$EABIv2 0x00000000   Number         0  anon$$obj.o ABSOLUTE
    __ARM_use_no_argv                        0x00000000   Number         0  main.o ABSOLUTE
    _printf_a                                0x00000000   Number         0  stubs.o ABSOLUTE
    _printf_c                                0x00000000   Number         0  stubs.o ABSOLUTE
    _printf_charcount                        0x00000000   Number         0  stubs.o ABSOLUTE
    _printf_d                                0x00000000   Number         0  stubs.o ABSOLUTE
    _printf_e                                0x00000000   Number         0  stubs.o ABSOLUTE
    _printf_f                                0x00000000   Number         0  stubs.o ABSOLUTE
    _printf_flags                            0x00000000   Number         0  stubs.o ABSOLUTE
    _printf_fp_dec                           0x00000000   Number         0  stubs.o ABSOLUTE
    _printf_fp_hex                           0x00000000   Number         0  stubs.o ABSOLUTE
    _printf_g                                0x00000000   Number         0  stubs.o ABSOLUTE
    _printf_i                                0x00000000   Number         0  stubs.o ABSOLUTE
    _printf_int_dec                          0x00000000   Number         0  stubs.o ABSOLUTE
    _printf_l                                0x00000000   Number         0  stubs.o ABSOLUTE
    _printf_lc                               0x00000000   Number         0  stubs.o ABSOLUTE
    _printf_ll                               0x00000000   Number         0  stubs.o ABSOLUTE
    _printf_lld                              0x00000000   Number         0  stubs.o ABSOLUTE
    _printf_lli                              0x00000000   Number         0  stubs.o ABSOLUTE
    _printf_llo                              0x00000000   Number         0  stubs.o ABSOLUTE
    _printf_llu                              0x00000000   Number         0  stubs.o ABSOLUTE
    _printf_llx                              0x00000000   Number         0  stubs.o ABSOLUTE
    _printf_longlong_dec                     0x00000000   Number         0  stubs.o ABSOLUTE
    _printf_longlong_hex                     0x00000000   Number         0  stubs.o ABSOLUTE
    _printf_longlong_oct                     0x00000000   Number         0  stubs.o ABSOLUTE
    _printf_ls                               0x00000000   Number         0  stubs.o ABSOLUTE
    _printf_mbtowc                           0x00000000   Number         0  stubs.o ABSOLUTE
    _printf_n                                0x00000000   Number         0  stubs.o ABSOLUTE
    _printf_o                                0x00000000   Number         0  stubs.o ABSOLUTE
    _printf_p                                0x00000000   Number         0  stubs.o ABSOLUTE
    _printf_percent                          0x00000000   Number         0  stubs.o ABSOLUTE
    _printf_pre_padding                      0x00000000   Number         0  stubs.o ABSOLUTE
    _printf_return_value                     0x00000000   Number         0  stubs.o ABSOLUTE
    _printf_s                                0x00000000   Number         0  stubs.o ABSOLUTE
    _printf_sizespec                         0x00000000   Number         0  stubs.o ABSOLUTE
    _printf_str                              0x00000000   Number         0  stubs.o ABSOLUTE
    _printf_truncate_signed                  0x00000000   Number         0  stubs.o ABSOLUTE
    _printf_truncate_unsigned                0x00000000   Number         0  stubs.o ABSOLUTE
    _printf_u                                0x00000000   Number         0  stubs.o ABSOLUTE
    _printf_wc                               0x00000000   Number         0  stubs.o ABSOLUTE
    _printf_wctomb                           0x00000000   Number         0  stubs.o ABSOLUTE
    _printf_widthprec                        0x00000000   Number         0  stubs.o ABSOLUTE
    _printf_x                                0x00000000   Number         0  stubs.o ABSOLUTE
    __cpp_initialize__aeabi_                  - Undefined Weak Reference
    __cxa_finalize                            - Undefined Weak Reference
    _clock_init                               - Undefined Weak Reference
    _microlib_exit                            - Undefined Weak Reference
    __Vectors_Size                           0x000001ac   Number         0  startup_stm32f429xx.o ABSOLUTE
    __Vectors                                0x08000000   Data           4  startup_stm32f429xx.o(RESET)
    __Vectors_End                            0x080001ac   Data           0  startup_stm32f429xx.o(RESET)
    __main                                   0x080001ad   Thumb Code     0  entry.o(.ARM.Collect$$$$00000000)
    _main_stk                                0x080001ad   Thumb Code     0  entry2.o(.ARM.Collect$$$$00000001)
    _main_scatterload                        0x080001b1   Thumb Code     0  entry5.o(.ARM.Collect$$$$00000004)
    __main_after_scatterload                 0x080001b5   Thumb Code     0  entry5.o(.ARM.Collect$$$$00000004)
    _main_clock                              0x080001b5   Thumb Code     0  entry7b.o(.ARM.Collect$$$$00000008)
    _main_cpp_init                           0x080001b5   Thumb Code     0  entry8b.o(.ARM.Collect$$$$0000000A)
    _main_init                               0x080001b5   Thumb Code     0  entry9a.o(.ARM.Collect$$$$0000000B)
    __rt_final_cpp                           0x080001bd   Thumb Code     0  entry10a.o(.ARM.Collect$$$$0000000D)
    __rt_final_exit                          0x080001bd   Thumb Code     0  entry11a.o(.ARM.Collect$$$$0000000F)
    SVC_Handler                              0x080001c1   Thumb Code    28  port.o(.emb_text)
    __asm___6_port_c_39a90d8d__prvStartFirstTask 0x080001e1   Thumb Code    28  port.o(.emb_text)
    __asm___6_port_c_39a90d8d__prvEnableVFP  0x08000201   Thumb Code    16  port.o(.emb_text)
    PendSV_Handler                           0x08000215   Thumb Code    84  port.o(.emb_text)
    ulPortSetInterruptMask                   0x0800026d   Thumb Code    14  port.o(.emb_text)
    vPortClearInterruptMask                  0x0800027b   Thumb Code     6  port.o(.emb_text)
    vPortGetIPSR                             0x08000281   Thumb Code     6  port.o(.emb_text)
    Reset_Handler                            0x08000289   Thumb Code     8  startup_stm32f429xx.o(.text)
    NMI_Handler                              0x08000291   Thumb Code     2  startup_stm32f429xx.o(.text)
    HardFault_Handler                        0x08000293   Thumb Code     2  startup_stm32f429xx.o(.text)
    MemManage_Handler                        0x08000295   Thumb Code     2  startup_stm32f429xx.o(.text)
    BusFault_Handler                         0x08000297   Thumb Code     2  startup_stm32f429xx.o(.text)
    UsageFault_Handler                       0x08000299   Thumb Code     2  startup_stm32f429xx.o(.text)
    DebugMon_Handler                         0x0800029d   Thumb Code     2  startup_stm32f429xx.o(.text)
    ADC_IRQHandler                           0x080002a3   Thumb Code     0  startup_stm32f429xx.o(.text)
    CAN1_RX0_IRQHandler                      0x080002a3   Thumb Code     0  startup_stm32f429xx.o(.text)
    CAN1_RX1_IRQHandler                      0x080002a3   Thumb Code     0  startup_stm32f429xx.o(.text)
    CAN1_SCE_IRQHandler                      0x080002a3   Thumb Code     0  startup_stm32f429xx.o(.text)
    CAN1_TX_IRQHandler                       0x080002a3   Thumb Code     0  startup_stm32f429xx.o(.text)
    CAN2_RX0_IRQHandler                      0x080002a3   Thumb Code     0  startup_stm32f429xx.o(.text)
    CAN2_RX1_IRQHandler                      0x080002a3   Thumb Code     0  startup_stm32f429xx.o(.text)
    CAN2_SCE_IRQHandler                      0x080002a3   Thumb Code     0  startup_stm32f429xx.o(.text)
    CAN2_TX_IRQHandler                       0x080002a3   Thumb Code     0  startup_stm32f429xx.o(.text)
    DCMI_IRQHandler                          0x080002a3   Thumb Code     0  startup_stm32f429xx.o(.text)
    DMA1_Stream0_IRQHandler                  0x080002a3   Thumb Code     0  startup_stm32f429xx.o(.text)
    DMA1_Stream1_IRQHandler                  0x080002a3   Thumb Code     0  startup_stm32f429xx.o(.text)
    DMA1_Stream2_IRQHandler                  0x080002a3   Thumb Code     0  startup_stm32f429xx.o(.text)
    DMA1_Stream3_IRQHandler                  0x080002a3   Thumb Code     0  startup_stm32f429xx.o(.text)
    DMA1_Stream4_IRQHandler                  0x080002a3   Thumb Code     0  startup_stm32f429xx.o(.text)
    DMA1_Stream5_IRQHandler                  0x080002a3   Thumb Code     0  startup_stm32f429xx.o(.text)
    DMA1_Stream6_IRQHandler                  0x080002a3   Thumb Code     0  startup_stm32f429xx.o(.text)
    DMA1_Stream7_IRQHandler                  0x080002a3   Thumb Code     0  startup_stm32f429xx.o(.text)
    DMA2D_IRQHandler                         0x080002a3   Thumb Code     0  startup_stm32f429xx.o(.text)
    DMA2_Stream0_IRQHandler                  0x080002a3   Thumb Code     0  startup_stm32f429xx.o(.text)
    DMA2_Stream1_IRQHandler                  0x080002a3   Thumb Code     0  startup_stm32f429xx.o(.text)
    DMA2_Stream2_IRQHandler                  0x080002a3   Thumb Code     0  startup_stm32f429xx.o(.text)
    DMA2_Stream3_IRQHandler                  0x080002a3   Thumb Code     0  startup_stm32f429xx.o(.text)
    DMA2_Stream4_IRQHandler                  0x080002a3   Thumb Code     0  startup_stm32f429xx.o(.text)
    DMA2_Stream5_IRQHandler                  0x080002a3   Thumb Code     0  startup_stm32f429xx.o(.text)
    DMA2_Stream6_IRQHandler                  0x080002a3   Thumb Code     0  startup_stm32f429xx.o(.text)
    DMA2_Stream7_IRQHandler                  0x080002a3   Thumb Code     0  startup_stm32f429xx.o(.text)
    ETH_IRQHandler                           0x080002a3   Thumb Code     0  startup_stm32f429xx.o(.text)
    ETH_WKUP_IRQHandler                      0x080002a3   Thumb Code     0  startup_stm32f429xx.o(.text)
    EXTI15_10_IRQHandler                     0x080002a3   Thumb Code     0  startup_stm32f429xx.o(.text)
    EXTI1_IRQHandler                         0x080002a3   Thumb Code     0  startup_stm32f429xx.o(.text)
    EXTI2_IRQHandler                         0x080002a3   Thumb Code     0  startup_stm32f429xx.o(.text)
    EXTI3_IRQHandler                         0x080002a3   Thumb Code     0  startup_stm32f429xx.o(.text)
    EXTI4_IRQHandler                         0x080002a3   Thumb Code     0  startup_stm32f429xx.o(.text)
    EXTI9_5_IRQHandler                       0x080002a3   Thumb Code     0  startup_stm32f429xx.o(.text)
    FLASH_IRQHandler                         0x080002a3   Thumb Code     0  startup_stm32f429xx.o(.text)
    FMC_IRQHandler                           0x080002a3   Thumb Code     0  startup_stm32f429xx.o(.text)
    FPU_IRQHandler                           0x080002a3   Thumb Code     0  startup_stm32f429xx.o(.text)
    HASH_RNG_IRQHandler                      0x080002a3   Thumb Code     0  startup_stm32f429xx.o(.text)
    I2C1_ER_IRQHandler                       0x080002a3   Thumb Code     0  startup_stm32f429xx.o(.text)
    I2C1_EV_IRQHandler                       0x080002a3   Thumb Code     0  startup_stm32f429xx.o(.text)
    I2C2_ER_IRQHandler                       0x080002a3   Thumb Code     0  startup_stm32f429xx.o(.text)
    I2C2_EV_IRQHandler                       0x080002a3   Thumb Code     0  startup_stm32f429xx.o(.text)
    I2C3_ER_IRQHandler                       0x080002a3   Thumb Code     0  startup_stm32f429xx.o(.text)
    I2C3_EV_IRQHandler                       0x080002a3   Thumb Code     0  startup_stm32f429xx.o(.text)
    LTDC_ER_IRQHandler                       0x080002a3   Thumb Code     0  startup_stm32f429xx.o(.text)
    LTDC_IRQHandler                          0x080002a3   Thumb Code     0  startup_stm32f429xx.o(.text)
    OTG_FS_IRQHandler                        0x080002a3   Thumb Code     0  startup_stm32f429xx.o(.text)
    OTG_FS_WKUP_IRQHandler                   0x080002a3   Thumb Code     0  startup_stm32f429xx.o(.text)
    OTG_HS_EP1_IN_IRQHandler                 0x080002a3   Thumb Code     0  startup_stm32f429xx.o(.text)
    OTG_HS_EP1_OUT_IRQHandler                0x080002a3   Thumb Code     0  startup_stm32f429xx.o(.text)
    OTG_HS_IRQHandler                        0x080002a3   Thumb Code     0  startup_stm32f429xx.o(.text)
    OTG_HS_WKUP_IRQHandler                   0x080002a3   Thumb Code     0  startup_stm32f429xx.o(.text)
    PVD_IRQHandler                           0x080002a3   Thumb Code     0  startup_stm32f429xx.o(.text)
    RCC_IRQHandler                           0x080002a3   Thumb Code     0  startup_stm32f429xx.o(.text)
    RTC_Alarm_IRQHandler                     0x080002a3   Thumb Code     0  startup_stm32f429xx.o(.text)
    RTC_WKUP_IRQHandler                      0x080002a3   Thumb Code     0  startup_stm32f429xx.o(.text)
    SAI1_IRQHandler                          0x080002a3   Thumb Code     0  startup_stm32f429xx.o(.text)
    SDIO_IRQHandler                          0x080002a3   Thumb Code     0  startup_stm32f429xx.o(.text)
    SPI1_IRQHandler                          0x080002a3   Thumb Code     0  startup_stm32f429xx.o(.text)
    SPI2_IRQHandler                          0x080002a3   Thumb Code     0  startup_stm32f429xx.o(.text)
    SPI3_IRQHandler                          0x080002a3   Thumb Code     0  startup_stm32f429xx.o(.text)
    SPI4_IRQHandler                          0x080002a3   Thumb Code     0  startup_stm32f429xx.o(.text)
    SPI5_IRQHandler                          0x080002a3   Thumb Code     0  startup_stm32f429xx.o(.text)
    SPI6_IRQHandler                          0x080002a3   Thumb Code     0  startup_stm32f429xx.o(.text)
    TAMP_STAMP_IRQHandler                    0x080002a3   Thumb Code     0  startup_stm32f429xx.o(.text)
    TIM1_BRK_TIM9_IRQHandler                 0x080002a3   Thumb Code     0  startup_stm32f429xx.o(.text)
    TIM1_CC_IRQHandler                       0x080002a3   Thumb Code     0  startup_stm32f429xx.o(.text)
    TIM1_TRG_COM_TIM11_IRQHandler            0x080002a3   Thumb Code     0  startup_stm32f429xx.o(.text)
    TIM1_UP_TIM10_IRQHandler                 0x080002a3   Thumb Code     0  startup_stm32f429xx.o(.text)
    TIM2_IRQHandler                          0x080002a3   Thumb Code     0  startup_stm32f429xx.o(.text)
    TIM3_IRQHandler                          0x080002a3   Thumb Code     0  startup_stm32f429xx.o(.text)
    TIM4_IRQHandler                          0x080002a3   Thumb Code     0  startup_stm32f429xx.o(.text)
    TIM5_IRQHandler                          0x080002a3   Thumb Code     0  startup_stm32f429xx.o(.text)
    TIM7_IRQHandler                          0x080002a3   Thumb Code     0  startup_stm32f429xx.o(.text)
    TIM8_BRK_TIM12_IRQHandler                0x080002a3   Thumb Code     0  startup_stm32f429xx.o(.text)
    TIM8_CC_IRQHandler                       0x080002a3   Thumb Code     0  startup_stm32f429xx.o(.text)
    TIM8_TRG_COM_TIM14_IRQHandler            0x080002a3   Thumb Code     0  startup_stm32f429xx.o(.text)
    TIM8_UP_TIM13_IRQHandler                 0x080002a3   Thumb Code     0  startup_stm32f429xx.o(.text)
    UART4_IRQHandler                         0x080002a3   Thumb Code     0  startup_stm32f429xx.o(.text)
    UART5_IRQHandler                         0x080002a3   Thumb Code     0  startup_stm32f429xx.o(.text)
    UART7_IRQHandler                         0x080002a3   Thumb Code     0  startup_stm32f429xx.o(.text)
    UART8_IRQHandler                         0x080002a3   Thumb Code     0  startup_stm32f429xx.o(.text)
    USART1_IRQHandler                        0x080002a3   Thumb Code     0  startup_stm32f429xx.o(.text)
    USART2_IRQHandler                        0x080002a3   Thumb Code     0  startup_stm32f429xx.o(.text)
    USART3_IRQHandler                        0x080002a3   Thumb Code     0  startup_stm32f429xx.o(.text)
    USART6_IRQHandler                        0x080002a3   Thumb Code     0  startup_stm32f429xx.o(.text)
    WWDG_IRQHandler                          0x080002a3   Thumb Code     0  startup_stm32f429xx.o(.text)
    __aeabi_memcpy                           0x080002ad   Thumb Code    36  memcpya.o(.text)
    __aeabi_memcpy4                          0x080002ad   Thumb Code     0  memcpya.o(.text)
    __aeabi_memcpy8                          0x080002ad   Thumb Code     0  memcpya.o(.text)
    __aeabi_memset                           0x080002d1   Thumb Code    14  memseta.o(.text)
    __aeabi_memset4                          0x080002d1   Thumb Code     0  memseta.o(.text)
    __aeabi_memset8                          0x080002d1   Thumb Code     0  memseta.o(.text)
    __aeabi_memclr                           0x080002df   Thumb Code     4  memseta.o(.text)
    __aeabi_memclr4                          0x080002df   Thumb Code     0  memseta.o(.text)
    __aeabi_memclr8                          0x080002df   Thumb Code     0  memseta.o(.text)
    _memset$wrapper                          0x080002e3   Thumb Code    18  memseta.o(.text)
    __aeabi_dadd                             0x080002f5   Thumb Code   322  dadd.o(.text)
    __aeabi_dsub                             0x08000437   Thumb Code     6  dadd.o(.text)
    __aeabi_drsub                            0x0800043d   Thumb Code     6  dadd.o(.text)
    __aeabi_dmul                             0x08000443   Thumb Code   228  dmul.o(.text)
    __aeabi_ddiv                             0x08000527   Thumb Code   222  ddiv.o(.text)
    __aeabi_f2d                              0x08000605   Thumb Code    38  f2d.o(.text)
    __aeabi_d2f                              0x0800062b   Thumb Code    56  d2f.o(.text)
    __aeabi_uidiv                            0x08000663   Thumb Code     0  uidiv.o(.text)
    __aeabi_uidivmod                         0x08000663   Thumb Code    44  uidiv.o(.text)
    __aeabi_llsl                             0x0800068f   Thumb Code    30  llshl.o(.text)
    _ll_shift_l                              0x0800068f   Thumb Code     0  llshl.o(.text)
    __aeabi_lasr                             0x080006ad   Thumb Code    36  llsshr.o(.text)
    _ll_sshift_r                             0x080006ad   Thumb Code     0  llsshr.o(.text)
    __I$use$fp                               0x080006d1   Thumb Code     0  iusefp.o(.text)
    _float_round                             0x080006d1   Thumb Code    18  fepilogue.o(.text)
    _float_epilogue                          0x080006e3   Thumb Code    90  fepilogue.o(.text)
    _double_round                            0x0800073d   Thumb Code    26  depilogue.o(.text)
    _double_epilogue                         0x08000757   Thumb Code   164  depilogue.o(.text)
    __scatterload                            0x080007fd   Thumb Code    28  init.o(.text)
    __scatterload_rt2                        0x080007fd   Thumb Code     0  init.o(.text)
    __aeabi_llsr                             0x08000821   Thumb Code    32  llushr.o(.text)
    _ll_ushift_r                             0x08000821   Thumb Code     0  llushr.o(.text)
    __decompress                             0x08000841   Thumb Code     0  __dczerorl2.o(.text)
    __decompress1                            0x08000841   Thumb Code    92  __dczerorl2.o(.text)
    BSP_GYRO_GetXYZ                          0x0800089d   Thumb Code    14  stm32f429i_discovery_gyroscope.o(i.BSP_GYRO_GetXYZ)
    BSP_GYRO_Init                            0x080008b1   Thumb Code    58  stm32f429i_discovery_gyroscope.o(i.BSP_GYRO_Init)
    BSP_GYRO_Reset                           0x080008f5   Thumb Code    14  stm32f429i_discovery_gyroscope.o(i.BSP_GYRO_Reset)
    BSP_LCD_Clear                            0x08000909   Thumb Code    50  stm32f429i_discovery_lcd.o(i.BSP_LCD_Clear)
    BSP_LCD_DisplayChar                      0x08000945   Thumb Code    42  stm32f429i_discovery_lcd.o(i.BSP_LCD_DisplayChar)
    BSP_LCD_DisplayStringAt                  0x08000979   Thumb Code   188  stm32f429i_discovery_lcd.o(i.BSP_LCD_DisplayStringAt)
    BSP_LCD_DrawCircle                       0x08000a3d   Thumb Code   270  stm32f429i_discovery_lcd.o(i.BSP_LCD_DrawCircle)
    BSP_LCD_DrawHLine                        0x08000b55   Thumb Code    68  stm32f429i_discovery_lcd.o(i.BSP_LCD_DrawHLine)
    BSP_LCD_DrawLine                         0x08000ba1   Thumb Code   196  stm32f429i_discovery_lcd.o(i.BSP_LCD_DrawLine)
    BSP_LCD_DrawPixel                        0x08000c6d   Thumb Code    42  stm32f429i_discovery_lcd.o(i.BSP_LCD_DrawPixel)
    BSP_LCD_DrawRect                         0x08000ca1   Thumb Code    54  stm32f429i_discovery_lcd.o(i.BSP_LCD_DrawRect)
    BSP_LCD_DrawVLine                        0x08000cd9   Thumb Code    76  stm32f429i_discovery_lcd.o(i.BSP_LCD_DrawVLine)
    BSP_LCD_FillCircle                       0x08000d31   Thumb Code   186  stm32f429i_discovery_lcd.o(i.BSP_LCD_FillCircle)
    BSP_LCD_FillRect                         0x08000df5   Thumb Code    96  stm32f429i_discovery_lcd.o(i.BSP_LCD_FillRect)
    BSP_LCD_GetXSize                         0x08000e5d   Thumb Code     8  stm32f429i_discovery_lcd.o(i.BSP_LCD_GetXSize)
    BSP_LCD_GetYSize                         0x08000e69   Thumb Code     8  stm32f429i_discovery_lcd.o(i.BSP_LCD_GetYSize)
    BSP_LCD_Init                             0x08000e75   Thumb Code   130  stm32f429i_discovery_lcd.o(i.BSP_LCD_Init)
    BSP_LCD_LayerDefaultInit                 0x08000f09   Thumb Code   116  stm32f429i_discovery_lcd.o(i.BSP_LCD_LayerDefaultInit)
    BSP_LCD_SelectLayer                      0x08000f89   Thumb Code     6  stm32f429i_discovery_lcd.o(i.BSP_LCD_SelectLayer)
    BSP_LCD_SetBackColor                     0x08000f95   Thumb Code    18  stm32f429i_discovery_lcd.o(i.BSP_LCD_SetBackColor)
    BSP_LCD_SetFont                          0x08000fb1   Thumb Code    18  stm32f429i_discovery_lcd.o(i.BSP_LCD_SetFont)
    BSP_LCD_SetTextColor                     0x08000fcd   Thumb Code    16  stm32f429i_discovery_lcd.o(i.BSP_LCD_SetTextColor)
    BSP_LED_Init                             0x08000fe5   Thumb Code    78  stm32f429i_discovery.o(i.BSP_LED_Init)
    BSP_LED_On                               0x08001041   Thumb Code    18  stm32f429i_discovery.o(i.BSP_LED_On)
    BSP_SDRAM_Init                           0x0800105d   Thumb Code    92  stm32f429i_discovery_sdram.o(i.BSP_SDRAM_Init)
    BSP_SDRAM_Initialization_sequence        0x080010c1   Thumb Code   132  stm32f429i_discovery_sdram.o(i.BSP_SDRAM_Initialization_sequence)
    BSP_TS_GetState                          0x08001149   Thumb Code   170  stm32f429i_discovery_ts.o(i.BSP_TS_GetState)
    BSP_TS_Init                              0x080011f9   Thumb Code    48  stm32f429i_discovery_ts.o(i.BSP_TS_Init)
    EXTI0_IRQHandler                         0x08001375   Thumb Code     6  main.o(i.EXTI0_IRQHandler)
    FMC_SDRAM_Init                           0x0800137b   Thumb Code    76  stm32f4xx_ll_fmc.o(i.FMC_SDRAM_Init)
    FMC_SDRAM_ProgramRefreshRate             0x080013c7   Thumb Code    12  stm32f4xx_ll_fmc.o(i.FMC_SDRAM_ProgramRefreshRate)
    FMC_SDRAM_SendCommand                    0x080013d3   Thumb Code    74  stm32f4xx_ll_fmc.o(i.FMC_SDRAM_SendCommand)
    FMC_SDRAM_Timing_Init                    0x0800141d   Thumb Code   124  stm32f4xx_ll_fmc.o(i.FMC_SDRAM_Timing_Init)
    GYRO_IO_Init                             0x080014f9   Thumb Code    98  stm32f429i_discovery.o(i.GYRO_IO_Init)
    GYRO_IO_Read                             0x08001569   Thumb Code    74  stm32f429i_discovery.o(i.GYRO_IO_Read)
    GYRO_IO_Write                            0x080015b9   Thumb Code    68  stm32f429i_discovery.o(i.GYRO_IO_Write)
    HAL_DMA2D_ConfigLayer                    0x08001601   Thumb Code   216  stm32f4xx_hal_dma2d.o(i.HAL_DMA2D_ConfigLayer)
    HAL_DMA2D_Init                           0x080016dd   Thumb Code    90  stm32f4xx_hal_dma2d.o(i.HAL_DMA2D_Init)
    HAL_DMA2D_MspInit                        0x08001737   Thumb Code     2  stm32f4xx_hal_dma2d.o(i.HAL_DMA2D_MspInit)
    HAL_DMA2D_PollForTransfer                0x08001739   Thumb Code   224  stm32f4xx_hal_dma2d.o(i.HAL_DMA2D_PollForTransfer)
    HAL_DMA2D_Start                          0x08001819   Thumb Code    62  stm32f4xx_hal_dma2d.o(i.HAL_DMA2D_Start)
    HAL_DMA_DeInit                           0x08001859   Thumb Code  2498  stm32f4xx_hal_dma.o(i.HAL_DMA_DeInit)
    HAL_DMA_Init                             0x08002225   Thumb Code   108  stm32f4xx_hal_dma.o(i.HAL_DMA_Init)
    HAL_Delay                                0x08002295   Thumb Code    22  stm32f4xx_hal.o(i.HAL_Delay)
    HAL_GPIO_EXTI_Callback                   0x080022ad   Thumb Code    22  main.o(i.HAL_GPIO_EXTI_Callback)
    HAL_GPIO_EXTI_IRQHandler                 0x080022c9   Thumb Code    18  stm32f4xx_hal_gpio.o(i.HAL_GPIO_EXTI_IRQHandler)
    HAL_GPIO_Init                            0x080022e1   Thumb Code   412  stm32f4xx_hal_gpio.o(i.HAL_GPIO_Init)
    HAL_GPIO_WritePin                        0x080024b1   Thumb Code    10  stm32f4xx_hal_gpio.o(i.HAL_GPIO_WritePin)
    HAL_GetTick                              0x080024bd   Thumb Code     6  stm32f4xx_hal.o(i.HAL_GetTick)
    HAL_I2C_DeInit                           0x080024c9   Thumb Code    44  stm32f4xx_hal_i2c.o(i.HAL_I2C_DeInit)
    HAL_I2C_GetState                         0x080024f5   Thumb Code     6  stm32f4xx_hal_i2c.o(i.HAL_I2C_GetState)
    HAL_I2C_Init                             0x080024fd   Thumb Code   244  stm32f4xx_hal_i2c.o(i.HAL_I2C_Init)
    HAL_I2C_Mem_Read                         0x080025f9   Thumb Code   434  stm32f4xx_hal_i2c.o(i.HAL_I2C_Mem_Read)
    HAL_I2C_Mem_Write                        0x080027b5   Thumb Code   208  stm32f4xx_hal_i2c.o(i.HAL_I2C_Mem_Write)
    HAL_I2C_MspDeInit                        0x0800288d   Thumb Code     2  stm32f4xx_hal_i2c.o(i.HAL_I2C_MspDeInit)
    HAL_I2C_MspInit                          0x0800288f   Thumb Code     2  stm32f4xx_hal_i2c.o(i.HAL_I2C_MspInit)
    HAL_IncTick                              0x08002891   Thumb Code    10  stm32f4xx_hal.o(i.HAL_IncTick)
    HAL_Init                                 0x080028a1   Thumb Code    48  stm32f4xx_hal.o(i.HAL_Init)
    HAL_InitTick                             0x080028d5   Thumb Code    34  stm32f4xx_hal.o(i.HAL_InitTick)
    HAL_LTDC_ConfigLayer                     0x080028f7   Thumb Code    82  stm32f4xx_hal_ltdc.o(i.HAL_LTDC_ConfigLayer)
    HAL_LTDC_EnableDither                    0x08002949   Thumb Code    42  stm32f4xx_hal_ltdc.o(i.HAL_LTDC_EnableDither)
    HAL_LTDC_Init                            0x08002979   Thumb Code   248  stm32f4xx_hal_ltdc.o(i.HAL_LTDC_Init)
    HAL_LTDC_MspInit                         0x08002a75   Thumb Code   216  stm32f4xx_hal_msp.o(i.HAL_LTDC_MspInit)
    HAL_MspInit                              0x08002b6d   Thumb Code    22  stm32f4xx_hal_msp.o(i.HAL_MspInit)
    HAL_NVIC_EnableIRQ                       0x08002b83   Thumb Code    24  stm32f4xx_hal_cortex.o(i.HAL_NVIC_EnableIRQ)
    HAL_NVIC_SetPriority                     0x08002b9d   Thumb Code    60  stm32f4xx_hal_cortex.o(i.HAL_NVIC_SetPriority)
    HAL_NVIC_SetPriorityGrouping             0x08002bdd   Thumb Code    26  stm32f4xx_hal_cortex.o(i.HAL_NVIC_SetPriorityGrouping)
    HAL_RCCEx_PeriphCLKConfig                0x08002c01   Thumb Code   666  stm32f4xx_hal_rcc_ex.o(i.HAL_RCCEx_PeriphCLKConfig)
    HAL_RCC_ClockConfig                      0x08002ec1   Thumb Code   514  stm32f4xx_hal_rcc.o(i.HAL_RCC_ClockConfig)
    HAL_RCC_GetHCLKFreq                      0x080030cd   Thumb Code    38  stm32f4xx_hal_rcc.o(i.HAL_RCC_GetHCLKFreq)
    HAL_RCC_GetPCLK1Freq                     0x08003101   Thumb Code    36  stm32f4xx_hal_rcc.o(i.HAL_RCC_GetPCLK1Freq)
    HAL_RCC_GetSysClockFreq                  0x0800312d   Thumb Code   104  stm32f4xx_hal_rcc.o(i.HAL_RCC_GetSysClockFreq)
    HAL_RCC_OscConfig                        0x0800319d   Thumb Code   806  stm32f4xx_hal_rcc.o(i.HAL_RCC_OscConfig)
    HAL_RNG_Init                             0x080034d9   Thumb Code    62  stm32f4xx_hal_rng.o(i.HAL_RNG_Init)
    HAL_RNG_MspInit                          0x08003517   Thumb Code     2  stm32f4xx_hal_rng.o(i.HAL_RNG_MspInit)
    HAL_SDRAM_Init                           0x08003519   Thumb Code    66  stm32f4xx_hal_sdram.o(i.HAL_SDRAM_Init)
    HAL_SDRAM_MspInit                        0x0800355b   Thumb Code     2  stm32f4xx_hal_sdram.o(i.HAL_SDRAM_MspInit)
    HAL_SDRAM_ProgramRefreshRate             0x0800355d   Thumb Code    34  stm32f4xx_hal_sdram.o(i.HAL_SDRAM_ProgramRefreshRate)
    HAL_SDRAM_SendCommand                    0x08003581   Thumb Code    48  stm32f4xx_hal_sdram.o(i.HAL_SDRAM_SendCommand)
    HAL_SPI_DeInit                           0x080035b1   Thumb Code    38  stm32f4xx_hal_spi.o(i.HAL_SPI_DeInit)
    HAL_SPI_GetState                         0x080035d7   Thumb Code     6  stm32f4xx_hal_spi.o(i.HAL_SPI_GetState)
    HAL_SPI_Init                             0x080035dd   Thumb Code   132  stm32f4xx_hal_spi.o(i.HAL_SPI_Init)
    HAL_SPI_MspDeInit                        0x08003661   Thumb Code     2  stm32f4xx_hal_spi.o(i.HAL_SPI_MspDeInit)
    HAL_SPI_MspInit                          0x08003663   Thumb Code     2  stm32f4xx_hal_spi.o(i.HAL_SPI_MspInit)
    HAL_SPI_Receive                          0x08003665   Thumb Code   464  stm32f4xx_hal_spi.o(i.HAL_SPI_Receive)
    HAL_SPI_Transmit                         0x08003835   Thumb Code   322  stm32f4xx_hal_spi.o(i.HAL_SPI_Transmit)
    HAL_SPI_TransmitReceive                  0x08003977   Thumb Code   682  stm32f4xx_hal_spi.o(i.HAL_SPI_TransmitReceive)
    HAL_SYSTICK_Config                       0x08003c21   Thumb Code    40  stm32f4xx_hal_cortex.o(i.HAL_SYSTICK_Config)
    HAL_TIMEx_BreakCallback                  0x08003c49   Thumb Code     2  stm32f4xx_hal_tim_ex.o(i.HAL_TIMEx_BreakCallback)
    HAL_TIMEx_CommutationCallback            0x08003c4b   Thumb Code     2  stm32f4xx_hal_tim_ex.o(i.HAL_TIMEx_CommutationCallback)
    HAL_TIMEx_MasterConfigSynchronization    0x08003c4d   Thumb Code    80  stm32f4xx_hal_tim_ex.o(i.HAL_TIMEx_MasterConfigSynchronization)
    HAL_TIM_Base_Init                        0x08003c9d   Thumb Code    54  stm32f4xx_hal_tim.o(i.HAL_TIM_Base_Init)
    HAL_TIM_Base_MspInit                     0x08003cd5   Thumb Code    72  stm32f4xx_hal_msp.o(i.HAL_TIM_Base_MspInit)
    HAL_TIM_IC_CaptureCallback               0x08003d29   Thumb Code     2  stm32f4xx_hal_tim.o(i.HAL_TIM_IC_CaptureCallback)
    HAL_TIM_IRQHandler                       0x08003d2b   Thumb Code   358  stm32f4xx_hal_tim.o(i.HAL_TIM_IRQHandler)
    HAL_TIM_OC_DelayElapsedCallback          0x08003e91   Thumb Code     2  stm32f4xx_hal_tim.o(i.HAL_TIM_OC_DelayElapsedCallback)
    HAL_TIM_PWM_PulseFinishedCallback        0x08003e93   Thumb Code     2  stm32f4xx_hal_tim.o(i.HAL_TIM_PWM_PulseFinishedCallback)
    HAL_TIM_PeriodElapsedCallback            0x08003e95   Thumb Code     2  stm32f4xx_hal_tim.o(i.HAL_TIM_PeriodElapsedCallback)
    HAL_TIM_TriggerCallback                  0x08003e97   Thumb Code     2  stm32f4xx_hal_tim.o(i.HAL_TIM_TriggerCallback)
    HAL_WWDG_Init                            0x08003e99   Thumb Code    70  stm32f4xx_hal_wwdg.o(i.HAL_WWDG_Init)
    HAL_WWDG_MspInit                         0x08003ee1   Thumb Code    30  stm32f4xx_hal_msp.o(i.HAL_WWDG_MspInit)
    IOE_Delay                                0x080042a1   Thumb Code     4  stm32f429i_discovery.o(i.IOE_Delay)
    IOE_ITConfig                             0x080042a5   Thumb Code    68  stm32f429i_discovery.o(i.IOE_ITConfig)
    IOE_Init                                 0x080042f5   Thumb Code     4  stm32f429i_discovery.o(i.IOE_Init)
    IOE_Read                                 0x080042f9   Thumb Code    44  stm32f429i_discovery.o(i.IOE_Read)
    IOE_ReadMultiple                         0x0800432d   Thumb Code    38  stm32f429i_discovery.o(i.IOE_ReadMultiple)
    IOE_Write                                0x0800435d   Thumb Code    40  stm32f429i_discovery.o(i.IOE_Write)
    L3GD20_DisableIT                         0x0800438d   Thumb Code    56  l3gd20.o(i.L3GD20_DisableIT)
    L3GD20_EnableIT                          0x080043c5   Thumb Code    64  l3gd20.o(i.L3GD20_EnableIT)
    L3GD20_FilterCmd                         0x08004405   Thumb Code    40  l3gd20.o(i.L3GD20_FilterCmd)
    L3GD20_FilterConfig                      0x0800442d   Thumb Code    40  l3gd20.o(i.L3GD20_FilterConfig)
    L3GD20_INT1InterruptConfig               0x08004455   Thumb Code    82  l3gd20.o(i.L3GD20_INT1InterruptConfig)
    L3GD20_Init                              0x080044a7   Thumb Code    46  l3gd20.o(i.L3GD20_Init)
    L3GD20_ReadID                            0x080044d5   Thumb Code    22  l3gd20.o(i.L3GD20_ReadID)
    L3GD20_ReadXYZAngRate                    0x080044ed   Thumb Code   186  l3gd20.o(i.L3GD20_ReadXYZAngRate)
    L3GD20_RebootCmd                         0x080045b9   Thumb Code    36  l3gd20.o(i.L3GD20_RebootCmd)
    LCD_Delay                                0x080045dd   Thumb Code     4  stm32f429i_discovery.o(i.LCD_Delay)
    LCD_IO_Init                              0x080045e1   Thumb Code   150  stm32f429i_discovery.o(i.LCD_IO_Init)
    LCD_IO_ReadData                          0x08004689   Thumb Code    92  stm32f429i_discovery.o(i.LCD_IO_ReadData)
    LCD_IO_WriteData                         0x080046f5   Thumb Code    46  stm32f429i_discovery.o(i.LCD_IO_WriteData)
    LCD_IO_WriteReg                          0x0800472d   Thumb Code    48  stm32f429i_discovery.o(i.LCD_IO_WriteReg)
    ResetGame                                0x08004e19   Thumb Code    56  main.o(i.ResetGame)
    StartDefaultTask                         0x08005001   Thumb Code     8  main.o(i.StartDefaultTask)
    SysTick_Handler                          0x08005009   Thumb Code    14  stm32f4xx_it.o(i.SysTick_Handler)
    SystemClock_Config                       0x08005019   Thumb Code   124  main.o(i.SystemClock_Config)
    SystemInit                               0x0800509d   Thumb Code    66  system_stm32f4xx.o(i.SystemInit)
    TIM6_DAC_IRQHandler                      0x080050f1   Thumb Code     6  stm32f4xx_it.o(i.TIM6_DAC_IRQHandler)
    TIM_Base_SetConfig                       0x080050fd   Thumb Code   148  stm32f4xx_hal_tim.o(i.TIM_Base_SetConfig)
    __0sprintf$1                             0x08005201   Thumb Code    34  printf1.o(i.__0sprintf$1)
    __1sprintf$1                             0x08005201   Thumb Code     0  printf1.o(i.__0sprintf$1)
    __2sprintf                               0x08005201   Thumb Code     0  printf1.o(i.__0sprintf$1)
    __scatterload_copy                       0x08005229   Thumb Code    14  handlers.o(i.__scatterload_copy)
    __scatterload_null                       0x08005237   Thumb Code     2  handlers.o(i.__scatterload_null)
    __scatterload_zeroinit                   0x08005239   Thumb Code    14  handlers.o(i.__scatterload_zeroinit)
    drawBaseMap                              0x080053a9   Thumb Code   132  main.o(i.drawBaseMap)
    drawMap                                  0x0800543d   Thumb Code   132  main.o(i.drawMap)
    fullReset                                0x080054d1   Thumb Code    50  main.o(i.fullReset)
    gameLoop                                 0x08005509   Thumb Code   772  main.o(i.gameLoop)
    getControl_TS                            0x08005889   Thumb Code    76  main.o(i.getControl_TS)
    getTSData                                0x080058d9   Thumb Code    14  main.o(i.getTSData)
    ili9341_DisplayOff                       0x080058ed   Thumb Code     6  ili9341.o(i.ili9341_DisplayOff)
    ili9341_DisplayOn                        0x080058f3   Thumb Code     6  ili9341.o(i.ili9341_DisplayOn)
    ili9341_GetLcdPixelHeight                0x080058f9   Thumb Code     6  ili9341.o(i.ili9341_GetLcdPixelHeight)
    ili9341_GetLcdPixelWidth                 0x080058ff   Thumb Code     4  ili9341.o(i.ili9341_GetLcdPixelWidth)
    ili9341_Init                             0x08005903   Thumb Code   658  ili9341.o(i.ili9341_Init)
    ili9341_ReadID                           0x08005b95   Thumb Code    18  ili9341.o(i.ili9341_ReadID)
    main                                     0x08005ba9   Thumb Code   430  main.o(i.main)
    manageSettings                           0x08005db5   Thumb Code  1402  main.o(i.manageSettings)
    mapEditor                                0x08006339   Thumb Code  1230  main.o(i.mapEditor)
    mark                                     0x0800680d   Thumb Code   198  main.o(i.mark)
    osDelay                                  0x080068d9   Thumb Code    14  cmsis_os.o(i.osDelay)
    osKernelStart                            0x080068e7   Thumb Code    10  cmsis_os.o(i.osKernelStart)
    osSystickHandler                         0x080068f1   Thumb Code    20  cmsis_os.o(i.osSystickHandler)
    osThreadCreate                           0x08006905   Thumb Code    56  cmsis_os.o(i.osThreadCreate)
    proceedMovements                         0x0800693d   Thumb Code  1706  main.o(i.proceedMovements)
    pvPortMalloc                             0x08007159   Thumb Code   182  heap_4.o(i.pvPortMalloc)
    pxPortInitialiseStack                    0x08007215   Thumb Code    36  port.o(i.pxPortInitialiseStack)
    softResetGame                            0x0800723d   Thumb Code   186  main.o(i.softResetGame)
    stmpe811_ClearGlobalIT                   0x0800731d   Thumb Code    10  stmpe811.o(i.stmpe811_ClearGlobalIT)
    stmpe811_DisableGlobalIT                 0x08007327   Thumb Code    28  stmpe811.o(i.stmpe811_DisableGlobalIT)
    stmpe811_DisableITSource                 0x08007343   Thumb Code    30  stmpe811.o(i.stmpe811_DisableITSource)
    stmpe811_EnableGlobalIT                  0x08007361   Thumb Code    28  stmpe811.o(i.stmpe811_EnableGlobalIT)
    stmpe811_EnableITSource                  0x0800737d   Thumb Code    30  stmpe811.o(i.stmpe811_EnableITSource)
    stmpe811_IO_EnableAF                     0x080073b9   Thumb Code    30  stmpe811.o(i.stmpe811_IO_EnableAF)
    stmpe811_Init                            0x080073d9   Thumb Code    42  stmpe811.o(i.stmpe811_Init)
    stmpe811_ReadID                          0x08007409   Thumb Code    32  stmpe811.o(i.stmpe811_ReadID)
    stmpe811_Reset                           0x08007429   Thumb Code    40  stmpe811.o(i.stmpe811_Reset)
    stmpe811_TS_ClearIT                      0x08007451   Thumb Code     6  stmpe811.o(i.stmpe811_TS_ClearIT)
    stmpe811_TS_DetectTouch                  0x08007457   Thumb Code    54  stmpe811.o(i.stmpe811_TS_DetectTouch)
    stmpe811_TS_DisableIT                    0x0800748d   Thumb Code    20  stmpe811.o(i.stmpe811_TS_DisableIT)
    stmpe811_TS_EnableIT                     0x080074a1   Thumb Code    26  stmpe811.o(i.stmpe811_TS_EnableIT)
    stmpe811_TS_GetXY                        0x080074bb   Thumb Code    62  stmpe811.o(i.stmpe811_TS_GetXY)
    stmpe811_TS_ITStatus                     0x080074f9   Thumb Code    16  stmpe811.o(i.stmpe811_TS_ITStatus)
    stmpe811_TS_Start                        0x08007509   Thumb Code   162  stmpe811.o(i.stmpe811_TS_Start)
    updateMEMS                               0x080075ad   Thumb Code   330  main.o(i.updateMEMS)
    uxListRemove                             0x08007725   Thumb Code    36  list.o(i.uxListRemove)
    vListInitialise                          0x08007749   Thumb Code    22  list.o(i.vListInitialise)
    vListInitialiseItem                      0x0800775f   Thumb Code     6  list.o(i.vListInitialiseItem)
    vListInsert                              0x08007765   Thumb Code    48  list.o(i.vListInsert)
    vListInsertEnd                           0x08007795   Thumb Code    24  list.o(i.vListInsertEnd)
    vPortEnterCritical                       0x080077ad   Thumb Code    42  port.o(i.vPortEnterCritical)
    vPortExitCritical                        0x080077e1   Thumb Code    30  port.o(i.vPortExitCritical)
    vPortFree                                0x08007805   Thumb Code    68  heap_4.o(i.vPortFree)
    vPortSetupTimerInterrupt                 0x0800784d   Thumb Code    26  port.o(i.vPortSetupTimerInterrupt)
    vPortYield                               0x0800786d   Thumb Code    18  port.o(i.vPortYield)
    vTaskDelay                               0x08007885   Thumb Code    76  tasks.o(i.vTaskDelay)
    vTaskStartScheduler                      0x080078d5   Thumb Code    60  tasks.o(i.vTaskStartScheduler)
    vTaskSuspendAll                          0x08007921   Thumb Code    10  tasks.o(i.vTaskSuspendAll)
    vTaskSwitchContext                       0x08007931   Thumb Code    74  tasks.o(i.vTaskSwitchContext)
    xPortStartScheduler                      0x08007985   Thumb Code   120  port.o(i.xPortStartScheduler)
    xPortSysTickHandler                      0x08007a0d   Thumb Code    30  port.o(i.xPortSysTickHandler)
    xTaskGenericCreate                       0x08007a31   Thumb Code   380  tasks.o(i.xTaskGenericCreate)
    xTaskGetSchedulerState                   0x08007bb5   Thumb Code    22  tasks.o(i.xTaskGetSchedulerState)
    xTaskIncrementTick                       0x08007bd1   Thumb Code   184  tasks.o(i.xTaskIncrementTick)
    xTaskResumeAll                           0x08007c91   Thumb Code   162  tasks.o(i.xTaskResumeAll)
    APBAHBPrescTable                         0x08007da0   Data          16  stm32f4xx_hal_rcc.o(.constdata)
    BUTTON_IRQn                              0x08007db0   Data           1  stm32f429i_discovery.o(.constdata)
    BUTTON_PIN                               0x08007db2   Data           2  stm32f429i_discovery.o(.constdata)
    GPIO_PIN                                 0x08007db4   Data           4  stm32f429i_discovery.o(.constdata)
    Font24_Table                             0x08007db8   Data        6840  stm32f429i_discovery_lcd.o(.constdata)
    Font20_Table                             0x08009870   Data        3800  stm32f429i_discovery_lcd.o(.constdata)
    Font16_Table                             0x0800a748   Data        3040  stm32f429i_discovery_lcd.o(.constdata)
    Font12_Table                             0x0800b328   Data        1140  stm32f429i_discovery_lcd.o(.constdata)
    Region$$Table$$Base                      0x0800b7c0   Number         0  anon$$obj.o(Region$$Table)
    Region$$Table$$Limit                     0x0800b7e0   Number         0  anon$$obj.o(Region$$Table)
    SystemCoreClock                          0x20000000   Data           4  system_stm32f4xx.o(.data)
    AHBPrescTable                            0x20000004   Data          16  system_stm32f4xx.o(.data)
    status                                   0x20000014   Data           1  main.o(.data)
    nextMove                                 0x20000016   Data           2  main.o(.data)
    startXpos                                0x20000018   Data           2  main.o(.data)
    startYpos                                0x2000001a   Data           2  main.o(.data)
    startGhostXpos                           0x2000001c   Data           2  main.o(.data)
    startGhostYpos                           0x2000001e   Data           2  main.o(.data)
    SettingLowerTrigger                      0x20000020   Data           2  main.o(.data)
    SettingUpperTrigger                      0x20000022   Data           2  main.o(.data)
    mode                                     0x20000024   Data           2  main.o(.data)
    switchedMode                             0x20000026   Data           2  main.o(.data)
    controlType                              0x20000028   Data           2  main.o(.data)
    points                                   0x2000002c   Data           4  main.o(.data)
    totalFood                                0x20000030   Data           4  main.o(.data)
    lives                                    0x20000034   Data           4  main.o(.data)
    initialLives                             0x20000038   Data           4  main.o(.data)
    Xval                                     0x2000003c   Data           4  main.o(.data)
    Yval                                     0x20000040   Data           4  main.o(.data)
    Zval                                     0x20000044   Data           4  main.o(.data)
    angleX                                   0x20000048   Data           4  main.o(.data)
    angleY                                   0x2000004c   Data           4  main.o(.data)
    angleZ                                   0x20000050   Data           4  main.o(.data)
    defaultTaskHandle                        0x20000054   Data           4  main.o(.data)
    X_BiasError                              0x20000058   Data           4  main.o(.data)
    Y_BiasError                              0x2000005c   Data           4  main.o(.data)
    Z_BiasError                              0x20000060   Data           4  main.o(.data)
    playerPosition                           0x20000064   Data           8  main.o(.data)
    ghostPosition                            0x2000006c   Data           8  main.o(.data)
    TS_State                                 0x20000074   Data           8  main.o(.data)
    pxCurrentTCB                             0x200006e0   Data           4  tasks.o(.data)
    BUTTON_PORT                              0x2000071c   Data           4  stm32f429i_discovery.o(.data)
    I2cxTimeout                              0x20000720   Data           4  stm32f429i_discovery.o(.data)
    SpixTimeout                              0x20000724   Data           4  stm32f429i_discovery.o(.data)
    GPIO_PORT                                0x20000728   Data           8  stm32f429i_discovery.o(.data)
    LcdDrv                                   0x20000738   Data           4  stm32f429i_discovery_lcd.o(.data)
    Font24                                   0x2000073c   Data           8  stm32f429i_discovery_lcd.o(.data)
    Font20                                   0x20000744   Data           8  stm32f429i_discovery_lcd.o(.data)
    Font16                                   0x2000074c   Data           8  stm32f429i_discovery_lcd.o(.data)
    Font12                                   0x20000754   Data           8  stm32f429i_discovery_lcd.o(.data)
    L3gd20Drv                                0x2000076c   Data          44  l3gd20.o(.data)
    ili9341_drv                              0x20000798   Data          56  ili9341.o(.data)
    stmpe811_ts_drv                          0x200007d0   Data          40  stmpe811.o(.data)
    stmpe811                                 0x200007f8   Data           2  stmpe811.o(.data)
    temp_map                                 0x200007fc   Data        1596  main.o(.bss)
    hltdc                                    0x20001158   Data         168  main.o(.bss)
    rng                                      0x20001200   Data          12  main.o(.bss)
    htim6                                    0x2000120c   Data          60  main.o(.bss)
    htim7                                    0x20001248   Data          60  main.o(.bss)
    hwwdg                                    0x20001284   Data          20  main.o(.bss)
    text                                     0x20001298   Data          15  main.o(.bss)
    Buffer                                   0x200012a8   Data          12  main.o(.bss)
    I2cHandle                                0x20004fa4   Data          60  stm32f429i_discovery.o(.bss)
    __initial_sp                             0x20005618   Data           0  startup_stm32f429xx.o(STACK)



==============================================================================

Memory Map of the image

  Image Entry point : 0x080001ad

  Load Region LR_IROM1 (Base: 0x08000000, Size: 0x0000bfdc, Max: 0x00200000, ABSOLUTE, COMPRESSED[0x0000b904])

    Execution Region ER_IROM1 (Base: 0x08000000, Size: 0x0000b7e0, Max: 0x00200000, ABSOLUTE)

    Base Addr    Size         Type   Attr      Idx    E Section Name        Object

    0x08000000   0x000001ac   Data   RO          523    RESET               startup_stm32f429xx.o
    0x080001ac   0x00000000   Code   RO         5894  * .ARM.Collect$$$$00000000  mc_w.l(entry.o)
    0x080001ac   0x00000004   Code   RO         6174    .ARM.Collect$$$$00000001  mc_w.l(entry2.o)
    0x080001b0   0x00000004   Code   RO         6177    .ARM.Collect$$$$00000004  mc_w.l(entry5.o)
    0x080001b4   0x00000000   Code   RO         6179    .ARM.Collect$$$$00000008  mc_w.l(entry7b.o)
    0x080001b4   0x00000000   Code   RO         6181    .ARM.Collect$$$$0000000A  mc_w.l(entry8b.o)
    0x080001b4   0x00000008   Code   RO         6182    .ARM.Collect$$$$0000000B  mc_w.l(entry9a.o)
    0x080001bc   0x00000000   Code   RO         6184    .ARM.Collect$$$$0000000D  mc_w.l(entry10a.o)
    0x080001bc   0x00000000   Code   RO         6186    .ARM.Collect$$$$0000000F  mc_w.l(entry11a.o)
    0x080001bc   0x00000004   Code   RO         6175    .ARM.Collect$$$$00002712  mc_w.l(entry2.o)
    0x080001c0   0x000000c6   Code   RO         3810    .emb_text           port.o
    0x08000286   0x00000002   PAD
    0x08000288   0x00000024   Code   RO          524    .text               startup_stm32f429xx.o
    0x080002ac   0x00000024   Code   RO         5897    .text               mc_w.l(memcpya.o)
    0x080002d0   0x00000024   Code   RO         5899    .text               mc_w.l(memseta.o)
    0x080002f4   0x0000014e   Code   RO         6164    .text               mf_w.l(dadd.o)
    0x08000442   0x000000e4   Code   RO         6166    .text               mf_w.l(dmul.o)
    0x08000526   0x000000de   Code   RO         6168    .text               mf_w.l(ddiv.o)
    0x08000604   0x00000026   Code   RO         6170    .text               mf_w.l(f2d.o)
    0x0800062a   0x00000038   Code   RO         6172    .text               mf_w.l(d2f.o)
    0x08000662   0x0000002c   Code   RO         6191    .text               mc_w.l(uidiv.o)
    0x0800068e   0x0000001e   Code   RO         6195    .text               mc_w.l(llshl.o)
    0x080006ac   0x00000024   Code   RO         6197    .text               mc_w.l(llsshr.o)
    0x080006d0   0x00000000   Code   RO         6199    .text               mc_w.l(iusefp.o)
    0x080006d0   0x0000006c   Code   RO         6200    .text               mf_w.l(fepilogue.o)
    0x0800073c   0x000000be   Code   RO         6202    .text               mf_w.l(depilogue.o)
    0x080007fa   0x00000002   PAD
    0x080007fc   0x00000024   Code   RO         6208    .text               mc_w.l(init.o)
    0x08000820   0x00000020   Code   RO         6211    .text               mc_w.l(llushr.o)
    0x08000840   0x0000005c   Code   RO         6222    .text               mc_w.l(__dczerorl2.o)
    0x0800089c   0x00000014   Code   RO         4980    i.BSP_GYRO_GetXYZ   stm32f429i_discovery_gyroscope.o
    0x080008b0   0x00000044   Code   RO         4982    i.BSP_GYRO_Init     stm32f429i_discovery_gyroscope.o
    0x080008f4   0x00000014   Code   RO         4984    i.BSP_GYRO_Reset    stm32f429i_discovery_gyroscope.o
    0x08000908   0x0000003c   Code   RO         5112    i.BSP_LCD_Clear     stm32f429i_discovery_lcd.o
    0x08000944   0x00000034   Code   RO         5114    i.BSP_LCD_DisplayChar  stm32f429i_discovery_lcd.o
    0x08000978   0x000000c4   Code   RO         5117    i.BSP_LCD_DisplayStringAt  stm32f429i_discovery_lcd.o
    0x08000a3c   0x00000118   Code   RO         5120    i.BSP_LCD_DrawCircle  stm32f429i_discovery_lcd.o
    0x08000b54   0x0000004c   Code   RO         5122    i.BSP_LCD_DrawHLine  stm32f429i_discovery_lcd.o
    0x08000ba0   0x000000cc   Code   RO         5123    i.BSP_LCD_DrawLine  stm32f429i_discovery_lcd.o
    0x08000c6c   0x00000034   Code   RO         5124    i.BSP_LCD_DrawPixel  stm32f429i_discovery_lcd.o
    0x08000ca0   0x00000036   Code   RO         5126    i.BSP_LCD_DrawRect  stm32f429i_discovery_lcd.o
    0x08000cd6   0x00000002   PAD
    0x08000cd8   0x00000058   Code   RO         5127    i.BSP_LCD_DrawVLine  stm32f429i_discovery_lcd.o
    0x08000d30   0x000000c4   Code   RO         5128    i.BSP_LCD_FillCircle  stm32f429i_discovery_lcd.o
    0x08000df4   0x00000068   Code   RO         5131    i.BSP_LCD_FillRect  stm32f429i_discovery_lcd.o
    0x08000e5c   0x0000000c   Code   RO         5136    i.BSP_LCD_GetXSize  stm32f429i_discovery_lcd.o
    0x08000e68   0x0000000c   Code   RO         5137    i.BSP_LCD_GetYSize  stm32f429i_discovery_lcd.o
    0x08000e74   0x00000094   Code   RO         5138    i.BSP_LCD_Init      stm32f429i_discovery_lcd.o
    0x08000f08   0x00000080   Code   RO         5139    i.BSP_LCD_LayerDefaultInit  stm32f429i_discovery_lcd.o
    0x08000f88   0x0000000c   Code   RO         5142    i.BSP_LCD_SelectLayer  stm32f429i_discovery_lcd.o
    0x08000f94   0x0000001c   Code   RO         5143    i.BSP_LCD_SetBackColor  stm32f429i_discovery_lcd.o
    0x08000fb0   0x0000001c   Code   RO         5145    i.BSP_LCD_SetFont   stm32f429i_discovery_lcd.o
    0x08000fcc   0x00000018   Code   RO         5149    i.BSP_LCD_SetTextColor  stm32f429i_discovery_lcd.o
    0x08000fe4   0x0000005c   Code   RO         4768    i.BSP_LED_Init      stm32f429i_discovery.o
    0x08001040   0x0000001c   Code   RO         4770    i.BSP_LED_On        stm32f429i_discovery.o
    0x0800105c   0x00000064   Code   RO         5421    i.BSP_SDRAM_Init    stm32f429i_discovery_sdram.o
    0x080010c0   0x00000088   Code   RO         5422    i.BSP_SDRAM_Initialization_sequence  stm32f429i_discovery_sdram.o
    0x08001148   0x000000b0   Code   RO         5493    i.BSP_TS_GetState   stm32f429i_discovery_ts.o
    0x080011f8   0x00000038   Code   RO         5497    i.BSP_TS_Init       stm32f429i_discovery_ts.o
    0x08001230   0x0000008e   Code   RO         3150    i.DMA2D_SetConfig   stm32f4xx_hal_dma2d.o
    0x080012be   0x00000002   PAD
    0x080012c0   0x000000b4   Code   RO         5152    i.DrawChar          stm32f429i_discovery_lcd.o
    0x08001374   0x00000006   Code   RO          248    i.EXTI0_IRQHandler  main.o
    0x0800137a   0x0000004c   Code   RO         3313    i.FMC_SDRAM_Init    stm32f4xx_ll_fmc.o
    0x080013c6   0x0000000c   Code   RO         3314    i.FMC_SDRAM_ProgramRefreshRate  stm32f4xx_ll_fmc.o
    0x080013d2   0x0000004a   Code   RO         3315    i.FMC_SDRAM_SendCommand  stm32f4xx_ll_fmc.o
    0x0800141c   0x0000007c   Code   RO         3317    i.FMC_SDRAM_Timing_Init  stm32f4xx_ll_fmc.o
    0x08001498   0x00000060   Code   RO         5153    i.FillBuffer        stm32f429i_discovery_lcd.o
    0x080014f8   0x00000070   Code   RO         4774    i.GYRO_IO_Init      stm32f429i_discovery.o
    0x08001568   0x00000050   Code   RO         4775    i.GYRO_IO_Read      stm32f429i_discovery.o
    0x080015b8   0x00000048   Code   RO         4776    i.GYRO_IO_Write     stm32f429i_discovery.o
    0x08001600   0x000000dc   Code   RO         3155    i.HAL_DMA2D_ConfigLayer  stm32f4xx_hal_dma2d.o
    0x080016dc   0x0000005a   Code   RO         3162    i.HAL_DMA2D_Init    stm32f4xx_hal_dma2d.o
    0x08001736   0x00000002   Code   RO         3164    i.HAL_DMA2D_MspInit  stm32f4xx_hal_dma2d.o
    0x08001738   0x000000e0   Code   RO         3165    i.HAL_DMA2D_PollForTransfer  stm32f4xx_hal_dma2d.o
    0x08001818   0x0000003e   Code   RO         3168    i.HAL_DMA2D_Start   stm32f4xx_hal_dma2d.o
    0x08001856   0x00000002   PAD
    0x08001858   0x000009cc   Code   RO          925    i.HAL_DMA_DeInit    stm32f4xx_hal_dma.o
    0x08002224   0x00000070   Code   RO          929    i.HAL_DMA_Init      stm32f4xx_hal_dma.o
    0x08002294   0x00000016   Code   RO         1891    i.HAL_Delay         stm32f4xx_hal.o
    0x080022aa   0x00000002   PAD
    0x080022ac   0x0000001c   Code   RO          250    i.HAL_GPIO_EXTI_Callback  main.o
    0x080022c8   0x00000018   Code   RO          859    i.HAL_GPIO_EXTI_IRQHandler  stm32f4xx_hal_gpio.o
    0x080022e0   0x000001d0   Code   RO          860    i.HAL_GPIO_Init     stm32f4xx_hal_gpio.o
    0x080024b0   0x0000000a   Code   RO          864    i.HAL_GPIO_WritePin  stm32f4xx_hal_gpio.o
    0x080024ba   0x00000002   PAD
    0x080024bc   0x0000000c   Code   RO         1899    i.HAL_GetTick       stm32f4xx_hal.o
    0x080024c8   0x0000002c   Code   RO         2818    i.HAL_I2C_DeInit    stm32f4xx_hal_i2c.o
    0x080024f4   0x00000006   Code   RO         2823    i.HAL_I2C_GetState  stm32f4xx_hal_i2c.o
    0x080024fa   0x00000002   PAD
    0x080024fc   0x000000fc   Code   RO         2824    i.HAL_I2C_Init      stm32f4xx_hal_i2c.o
    0x080025f8   0x000001bc   Code   RO         2836    i.HAL_I2C_Mem_Read  stm32f4xx_hal_i2c.o
    0x080027b4   0x000000d8   Code   RO         2839    i.HAL_I2C_Mem_Write  stm32f4xx_hal_i2c.o
    0x0800288c   0x00000002   Code   RO         2842    i.HAL_I2C_MspDeInit  stm32f4xx_hal_i2c.o
    0x0800288e   0x00000002   Code   RO         2843    i.HAL_I2C_MspInit   stm32f4xx_hal_i2c.o
    0x08002890   0x00000010   Code   RO         1900    i.HAL_IncTick       stm32f4xx_hal.o
    0x080028a0   0x00000034   Code   RO         1901    i.HAL_Init          stm32f4xx_hal.o
    0x080028d4   0x00000022   Code   RO         1902    i.HAL_InitTick      stm32f4xx_hal.o
    0x080028f6   0x00000052   Code   RO         2497    i.HAL_LTDC_ConfigLayer  stm32f4xx_hal_ltdc.o
    0x08002948   0x00000030   Code   RO         2504    i.HAL_LTDC_EnableDither  stm32f4xx_hal_ltdc.o
    0x08002978   0x000000fc   Code   RO         2509    i.HAL_LTDC_Init     stm32f4xx_hal_ltdc.o
    0x08002a74   0x000000f8   Code   RO          185    i.HAL_LTDC_MspInit  stm32f4xx_hal_msp.o
    0x08002b6c   0x00000016   Code   RO          186    i.HAL_MspInit       stm32f4xx_hal_msp.o
    0x08002b82   0x00000018   Code   RO         1002    i.HAL_NVIC_EnableIRQ  stm32f4xx_hal_cortex.o
    0x08002b9a   0x00000002   PAD
    0x08002b9c   0x00000040   Code   RO         1008    i.HAL_NVIC_SetPriority  stm32f4xx_hal_cortex.o
    0x08002bdc   0x00000024   Code   RO         1009    i.HAL_NVIC_SetPriorityGrouping  stm32f4xx_hal_cortex.o
    0x08002c00   0x000002c0   Code   RO          715    i.HAL_RCCEx_PeriphCLKConfig  stm32f4xx_hal_rcc_ex.o
    0x08002ec0   0x0000020c   Code   RO          610    i.HAL_RCC_ClockConfig  stm32f4xx_hal_rcc.o
    0x080030cc   0x00000034   Code   RO          615    i.HAL_RCC_GetHCLKFreq  stm32f4xx_hal_rcc.o
    0x08003100   0x0000002c   Code   RO          617    i.HAL_RCC_GetPCLK1Freq  stm32f4xx_hal_rcc.o
    0x0800312c   0x00000070   Code   RO          619    i.HAL_RCC_GetSysClockFreq  stm32f4xx_hal_rcc.o
    0x0800319c   0x0000033c   Code   RO          622    i.HAL_RCC_OscConfig  stm32f4xx_hal_rcc.o
    0x080034d8   0x0000003e   Code   RO         3725    i.HAL_RNG_Init      stm32f4xx_hal_rng.o
    0x08003516   0x00000002   Code   RO         3727    i.HAL_RNG_MspInit   stm32f4xx_hal_rng.o
    0x08003518   0x00000042   Code   RO         2668    i.HAL_SDRAM_Init    stm32f4xx_hal_sdram.o
    0x0800355a   0x00000002   Code   RO         2670    i.HAL_SDRAM_MspInit  stm32f4xx_hal_sdram.o
    0x0800355c   0x00000022   Code   RO         2671    i.HAL_SDRAM_ProgramRefreshRate  stm32f4xx_hal_sdram.o
    0x0800357e   0x00000002   PAD
    0x08003580   0x00000030   Code   RO         2677    i.HAL_SDRAM_SendCommand  stm32f4xx_hal_sdram.o
    0x080035b0   0x00000026   Code   RO         3476    i.HAL_SPI_DeInit    stm32f4xx_hal_spi.o
    0x080035d6   0x00000006   Code   RO         3479    i.HAL_SPI_GetState  stm32f4xx_hal_spi.o
    0x080035dc   0x00000084   Code   RO         3481    i.HAL_SPI_Init      stm32f4xx_hal_spi.o
    0x08003660   0x00000002   Code   RO         3482    i.HAL_SPI_MspDeInit  stm32f4xx_hal_spi.o
    0x08003662   0x00000002   Code   RO         3483    i.HAL_SPI_MspInit   stm32f4xx_hal_spi.o
    0x08003664   0x000001d0   Code   RO         3484    i.HAL_SPI_Receive   stm32f4xx_hal_spi.o
    0x08003834   0x00000142   Code   RO         3489    i.HAL_SPI_Transmit  stm32f4xx_hal_spi.o
    0x08003976   0x000002aa   Code   RO         3490    i.HAL_SPI_TransmitReceive  stm32f4xx_hal_spi.o
    0x08003c20   0x00000028   Code   RO         1013    i.HAL_SYSTICK_Config  stm32f4xx_hal_cortex.o
    0x08003c48   0x00000002   Code   RO         2256    i.HAL_TIMEx_BreakCallback  stm32f4xx_hal_tim_ex.o
    0x08003c4a   0x00000002   Code   RO         2257    i.HAL_TIMEx_CommutationCallback  stm32f4xx_hal_tim_ex.o
    0x08003c4c   0x00000050   Code   RO         2273    i.HAL_TIMEx_MasterConfigSynchronization  stm32f4xx_hal_tim_ex.o
    0x08003c9c   0x00000036   Code   RO         1119    i.HAL_TIM_Base_Init  stm32f4xx_hal_tim.o
    0x08003cd2   0x00000002   PAD
    0x08003cd4   0x00000054   Code   RO          188    i.HAL_TIM_Base_MspInit  stm32f4xx_hal_msp.o
    0x08003d28   0x00000002   Code   RO         1148    i.HAL_TIM_IC_CaptureCallback  stm32f4xx_hal_tim.o
    0x08003d2a   0x00000166   Code   RO         1161    i.HAL_TIM_IRQHandler  stm32f4xx_hal_tim.o
    0x08003e90   0x00000002   Code   RO         1164    i.HAL_TIM_OC_DelayElapsedCallback  stm32f4xx_hal_tim.o
    0x08003e92   0x00000002   Code   RO         1191    i.HAL_TIM_PWM_PulseFinishedCallback  stm32f4xx_hal_tim.o
    0x08003e94   0x00000002   Code   RO         1198    i.HAL_TIM_PeriodElapsedCallback  stm32f4xx_hal_tim.o
    0x08003e96   0x00000002   Code   RO         1202    i.HAL_TIM_TriggerCallback  stm32f4xx_hal_tim.o
    0x08003e98   0x00000046   Code   RO          534    i.HAL_WWDG_Init     stm32f4xx_hal_wwdg.o
    0x08003ede   0x00000002   PAD
    0x08003ee0   0x00000028   Code   RO          190    i.HAL_WWDG_MspInit  stm32f4xx_hal_msp.o
    0x08003f08   0x000000e0   Code   RO         2864    i.I2C_RequestMemoryRead  stm32f4xx_hal_i2c.o
    0x08003fe8   0x00000090   Code   RO         2865    i.I2C_RequestMemoryWrite  stm32f4xx_hal_i2c.o
    0x08004078   0x0000008a   Code   RO         2866    i.I2C_WaitOnFlagUntilTimeout  stm32f4xx_hal_i2c.o
    0x08004102   0x00000002   PAD
    0x08004104   0x00000088   Code   RO         2867    i.I2C_WaitOnMasterAddressFlagUntilTimeout  stm32f4xx_hal_i2c.o
    0x0800418c   0x00000014   Code   RO         4777    i.I2Cx_Error        stm32f429i_discovery.o
    0x080041a0   0x00000048   Code   RO         4778    i.I2Cx_Init         stm32f429i_discovery.o
    0x080041e8   0x000000b8   Code   RO         4779    i.I2Cx_MspInit      stm32f429i_discovery.o
    0x080042a0   0x00000004   Code   RO         4780    i.IOE_Delay         stm32f429i_discovery.o
    0x080042a4   0x00000050   Code   RO         4781    i.IOE_ITConfig      stm32f429i_discovery.o
    0x080042f4   0x00000004   Code   RO         4782    i.IOE_Init          stm32f429i_discovery.o
    0x080042f8   0x00000034   Code   RO         4783    i.IOE_Read          stm32f429i_discovery.o
    0x0800432c   0x00000030   Code   RO         4784    i.IOE_ReadMultiple  stm32f429i_discovery.o
    0x0800435c   0x00000030   Code   RO         4785    i.IOE_Write         stm32f429i_discovery.o
    0x0800438c   0x00000038   Code   RO         5540    i.L3GD20_DisableIT  l3gd20.o
    0x080043c4   0x00000040   Code   RO         5541    i.L3GD20_EnableIT   l3gd20.o
    0x08004404   0x00000028   Code   RO         5542    i.L3GD20_FilterCmd  l3gd20.o
    0x0800442c   0x00000028   Code   RO         5543    i.L3GD20_FilterConfig  l3gd20.o
    0x08004454   0x00000052   Code   RO         5545    i.L3GD20_INT1InterruptConfig  l3gd20.o
    0x080044a6   0x0000002e   Code   RO         5546    i.L3GD20_Init       l3gd20.o
    0x080044d4   0x00000016   Code   RO         5547    i.L3GD20_ReadID     l3gd20.o
    0x080044ea   0x00000002   PAD
    0x080044ec   0x000000cc   Code   RO         5548    i.L3GD20_ReadXYZAngRate  l3gd20.o
    0x080045b8   0x00000024   Code   RO         5549    i.L3GD20_RebootCmd  l3gd20.o
    0x080045dc   0x00000004   Code   RO         4787    i.LCD_Delay         stm32f429i_discovery.o
    0x080045e0   0x000000a8   Code   RO         4788    i.LCD_IO_Init       stm32f429i_discovery.o
    0x08004688   0x0000006c   Code   RO         4789    i.LCD_IO_ReadData   stm32f429i_discovery.o
    0x080046f4   0x00000038   Code   RO         4790    i.LCD_IO_WriteData  stm32f429i_discovery.o
    0x0800472c   0x00000038   Code   RO         4791    i.LCD_IO_WriteReg   stm32f429i_discovery.o
    0x08004764   0x00000162   Code   RO         2519    i.LTDC_SetConfig    stm32f4xx_hal_ltdc.o
    0x080048c6   0x00000002   PAD
    0x080048c8   0x0000025c   Code   RO          251    i.MX_GPIO_Init      main.o
    0x08004b24   0x00000050   Code   RO          252    i.MX_LTDC_Init      main.o
    0x08004b74   0x00000124   Code   RO         5154    i.MspInit           stm32f429i_discovery_lcd.o
    0x08004c98   0x00000160   Code   RO         5428    i.MspInit           stm32f429i_discovery_sdram.o
    0x08004df8   0x00000020   Code   RO         1015    i.NVIC_SetPriority  stm32f4xx_hal_cortex.o
    0x08004e18   0x00000044   Code   RO          253    i.ResetGame         main.o
    0x08004e5c   0x0000009e   Code   RO         3512    i.SPI_WaitOnFlagUntilTimeout  stm32f4xx_hal_spi.o
    0x08004efa   0x00000002   PAD
    0x08004efc   0x00000014   Code   RO         4792    i.SPIx_Error        stm32f429i_discovery.o
    0x08004f10   0x0000009c   Code   RO         4793    i.SPIx_Init         stm32f429i_discovery.o
    0x08004fac   0x00000024   Code   RO         4794    i.SPIx_Write        stm32f429i_discovery.o
    0x08004fd0   0x00000030   Code   RO         4795    i.SPIx_WriteRead    stm32f429i_discovery.o
    0x08005000   0x00000008   Code   RO          254    i.StartDefaultTask  main.o
    0x08005008   0x0000000e   Code   RO          490    i.SysTick_Handler   stm32f4xx_it.o
    0x08005016   0x00000002   PAD
    0x08005018   0x00000084   Code   RO          255    i.SystemClock_Config  main.o
    0x0800509c   0x00000054   Code   RO            5    i.SystemInit        system_stm32f4xx.o
    0x080050f0   0x0000000c   Code   RO          491    i.TIM6_DAC_IRQHandler  stm32f4xx_it.o
    0x080050fc   0x000000c0   Code   RO         1203    i.TIM_Base_SetConfig  stm32f4xx_hal_tim.o
    0x080051bc   0x00000044   Code   RO          256    i.WaitForPressedState  main.o
    0x08005200   0x00000028   Code   RO         5950    i.__0sprintf$1      mc_w.l(printf1.o)
    0x08005228   0x0000000e   Code   RO         6216    i.__scatterload_copy  mc_w.l(handlers.o)
    0x08005236   0x00000002   Code   RO         6217    i.__scatterload_null  mc_w.l(handlers.o)
    0x08005238   0x0000000e   Code   RO         6218    i.__scatterload_zeroinit  mc_w.l(handlers.o)
    0x08005246   0x00000002   PAD
    0x08005248   0x00000154   Code   RO         5955    i._printf_core      mc_w.l(printf1.o)
    0x0800539c   0x0000000a   Code   RO         5957    i._sputc            mc_w.l(printf1.o)
    0x080053a6   0x00000002   PAD
    0x080053a8   0x00000094   Code   RO          258    i.drawBaseMap       main.o
    0x0800543c   0x00000094   Code   RO          259    i.drawMap           main.o
    0x080054d0   0x00000038   Code   RO          260    i.fullReset         main.o
    0x08005508   0x00000380   Code   RO          261    i.gameLoop          main.o
    0x08005888   0x00000050   Code   RO          262    i.getControl_TS     main.o
    0x080058d8   0x00000014   Code   RO          263    i.getTSData         main.o
    0x080058ec   0x00000006   Code   RO         5615    i.ili9341_DisplayOff  ili9341.o
    0x080058f2   0x00000006   Code   RO         5616    i.ili9341_DisplayOn  ili9341.o
    0x080058f8   0x00000006   Code   RO         5617    i.ili9341_GetLcdPixelHeight  ili9341.o
    0x080058fe   0x00000004   Code   RO         5618    i.ili9341_GetLcdPixelWidth  ili9341.o
    0x08005902   0x00000292   Code   RO         5619    i.ili9341_Init      ili9341.o
    0x08005b94   0x00000012   Code   RO         5621    i.ili9341_ReadID    ili9341.o
    0x08005ba6   0x00000002   PAD
    0x08005ba8   0x00000200   Code   RO          264    i.main              main.o
    0x08005da8   0x0000000c   Code   RO         4494    i.makeFreeRtosPriority  cmsis_os.o
    0x08005db4   0x00000584   Code   RO          265    i.manageSettings    main.o
    0x08006338   0x000004d4   Code   RO          266    i.mapEditor         main.o
    0x0800680c   0x000000cc   Code   RO          267    i.mark              main.o
    0x080068d8   0x0000000e   Code   RO         4495    i.osDelay           cmsis_os.o
    0x080068e6   0x0000000a   Code   RO         4498    i.osKernelStart     cmsis_os.o
    0x080068f0   0x00000014   Code   RO         4519    i.osSystickHandler  cmsis_os.o
    0x08006904   0x00000038   Code   RO         4520    i.osThreadCreate    cmsis_os.o
    0x0800693c   0x000006aa   Code   RO          268    i.proceedMovements  main.o
    0x08006fe6   0x00000002   PAD
    0x08006fe8   0x00000034   Code   RO         4058    i.prvAddCurrentTaskToDelayedList  tasks.o
    0x0800701c   0x00000054   Code   RO         4059    i.prvCheckTasksWaitingTermination  tasks.o
    0x08007070   0x0000004c   Code   RO         4003    i.prvHeapInit       heap_4.o
    0x080070bc   0x00000018   Code   RO         4060    i.prvIdleTask       tasks.o
    0x080070d4   0x0000004c   Code   RO         4004    i.prvInsertBlockIntoFreeList  heap_4.o
    0x08007120   0x00000020   Code   RO         4062    i.prvResetNextTaskUnblockTime  tasks.o
    0x08007140   0x00000018   Code   RO         3811    i.prvTaskExitError  port.o
    0x08007158   0x000000bc   Code   RO         4005    i.pvPortMalloc      heap_4.o
    0x08007214   0x00000028   Code   RO         3812    i.pxPortInitialiseStack  port.o
    0x0800723c   0x000000e0   Code   RO          269    i.softResetGame     main.o
    0x0800731c   0x0000000a   Code   RO         5683    i.stmpe811_ClearGlobalIT  stmpe811.o
    0x08007326   0x0000001c   Code   RO         5684    i.stmpe811_DisableGlobalIT  stmpe811.o
    0x08007342   0x0000001e   Code   RO         5685    i.stmpe811_DisableITSource  stmpe811.o
    0x08007360   0x0000001c   Code   RO         5686    i.stmpe811_EnableGlobalIT  stmpe811.o
    0x0800737c   0x0000001e   Code   RO         5687    i.stmpe811_EnableITSource  stmpe811.o
    0x0800739a   0x00000002   PAD
    0x0800739c   0x0000001c   Code   RO         5688    i.stmpe811_GetInstance  stmpe811.o
    0x080073b8   0x0000001e   Code   RO         5695    i.stmpe811_IO_EnableAF  stmpe811.o
    0x080073d6   0x00000002   PAD
    0x080073d8   0x00000030   Code   RO         5704    i.stmpe811_Init     stmpe811.o
    0x08007408   0x00000020   Code   RO         5706    i.stmpe811_ReadID   stmpe811.o
    0x08007428   0x00000028   Code   RO         5707    i.stmpe811_Reset    stmpe811.o
    0x08007450   0x00000006   Code   RO         5710    i.stmpe811_TS_ClearIT  stmpe811.o
    0x08007456   0x00000036   Code   RO         5711    i.stmpe811_TS_DetectTouch  stmpe811.o
    0x0800748c   0x00000014   Code   RO         5712    i.stmpe811_TS_DisableIT  stmpe811.o
    0x080074a0   0x0000001a   Code   RO         5713    i.stmpe811_TS_EnableIT  stmpe811.o
    0x080074ba   0x0000003e   Code   RO         5714    i.stmpe811_TS_GetXY  stmpe811.o
    0x080074f8   0x00000010   Code   RO         5715    i.stmpe811_TS_ITStatus  stmpe811.o
    0x08007508   0x000000a2   Code   RO         5716    i.stmpe811_TS_Start  stmpe811.o
    0x080075aa   0x00000002   PAD
    0x080075ac   0x00000178   Code   RO          270    i.updateMEMS        main.o
    0x08007724   0x00000024   Code   RO         4301    i.uxListRemove      list.o
    0x08007748   0x00000016   Code   RO         4302    i.vListInitialise   list.o
    0x0800775e   0x00000006   Code   RO         4303    i.vListInitialiseItem  list.o
    0x08007764   0x00000030   Code   RO         4304    i.vListInsert       list.o
    0x08007794   0x00000018   Code   RO         4305    i.vListInsertEnd    list.o
    0x080077ac   0x00000034   Code   RO         3814    i.vPortEnterCritical  port.o
    0x080077e0   0x00000024   Code   RO         3815    i.vPortExitCritical  port.o
    0x08007804   0x00000048   Code   RO         4006    i.vPortFree         heap_4.o
    0x0800784c   0x00000020   Code   RO         3816    i.vPortSetupTimerInterrupt  port.o
    0x0800786c   0x00000018   Code   RO         3818    i.vPortYield        port.o
    0x08007884   0x00000050   Code   RO         4070    i.vTaskDelay        tasks.o
    0x080078d4   0x0000004c   Code   RO         4081    i.vTaskStartScheduler  tasks.o
    0x08007920   0x00000010   Code   RO         4083    i.vTaskSuspendAll   tasks.o
    0x08007930   0x00000054   Code   RO         4084    i.vTaskSwitchContext  tasks.o
    0x08007984   0x00000088   Code   RO         3819    i.xPortStartScheduler  port.o
    0x08007a0c   0x00000024   Code   RO         3820    i.xPortSysTickHandler  port.o
    0x08007a30   0x00000184   Code   RO         4086    i.xTaskGenericCreate  tasks.o
    0x08007bb4   0x0000001c   Code   RO         4088    i.xTaskGetSchedulerState  tasks.o
    0x08007bd0   0x000000c0   Code   RO         4091    i.xTaskIncrementTick  tasks.o
    0x08007c90   0x000000ac   Code   RO         4095    i.xTaskResumeAll    tasks.o
    0x08007d3c   0x00000064   Data   RO          272    .constdata          main.o
    0x08007da0   0x00000010   Data   RO          623    .constdata          stm32f4xx_hal_rcc.o
    0x08007db0   0x00000008   Data   RO         4797    .constdata          stm32f429i_discovery.o
    0x08007db8   0x00001ab8   Data   RO         5156    .constdata          stm32f429i_discovery_lcd.o
    0x08009870   0x00000ed8   Data   RO         5157    .constdata          stm32f429i_discovery_lcd.o
    0x0800a748   0x00000be0   Data   RO         5158    .constdata          stm32f429i_discovery_lcd.o
    0x0800b328   0x00000474   Data   RO         5159    .constdata          stm32f429i_discovery_lcd.o
    0x0800b79c   0x00000023   Data   RO          273    .conststring        main.o
    0x0800b7bf   0x00000001   PAD
    0x0800b7c0   0x00000020   Data   RO         6214    Region$$Table       anon$$obj.o


    Execution Region RW_IRAM1 (Base: 0x20000000, Size: 0x00005618, Max: 0x00030000, ABSOLUTE, COMPRESSED[0x00000124])

    Base Addr    Size         Type   Attr      Idx    E Section Name        Object

    0x20000000   0x00000014   Data   RW            6    .data               system_stm32f4xx.o
    0x20000014   0x000006a4   Data   RW          274    .data               main.o
    0x200006b8   0x00000004   Data   RW         1907    .data               stm32f4xx_hal.o
    0x200006bc   0x0000000c   Data   RW         3821    .data               port.o
    0x200006c8   0x00000018   Data   RW         4011    .data               heap_4.o
    0x200006e0   0x00000038   Data   RW         4098    .data               tasks.o
    0x20000718   0x00000018   Data   RW         4798    .data               stm32f429i_discovery.o
    0x20000730   0x00000004   Data   RW         4985    .data               stm32f429i_discovery_gyroscope.o
    0x20000734   0x00000010   Data   RW         5161    .data               stm32f429i_discovery_lcd.o
    0x20000744   0x00000008   Data   RW         5162    .data               stm32f429i_discovery_lcd.o
    0x2000074c   0x00000008   Data   RW         5163    .data               stm32f429i_discovery_lcd.o
    0x20000754   0x00000008   Data   RW         5164    .data               stm32f429i_discovery_lcd.o
    0x2000075c   0x00000010   Data   RW         5498    .data               stm32f429i_discovery_ts.o
    0x2000076c   0x0000002c   Data   RW         5550    .data               l3gd20.o
    0x20000798   0x00000038   Data   RW         5624    .data               ili9341.o
    0x200007d0   0x00000028   Data   RW         5717    .data               stmpe811.o
    0x200007f8   0x00000002   Data   RW         5719    .data               stmpe811.o
    0x200007fa   0x00000002   PAD
    0x200007fc   0x00000ab8   Zero   RW          271    .bss                main.o
    0x200012b4   0x00003c00   Zero   RW         4010    .bss                heap_4.o
    0x20004eb4   0x000000f0   Zero   RW         4097    .bss                tasks.o
    0x20004fa4   0x00000094   Zero   RW         4796    .bss                stm32f429i_discovery.o
    0x20005038   0x00000130   Zero   RW         5155    .bss                stm32f429i_discovery_lcd.o
    0x20005168   0x000000b0   Zero   RW         5429    .bss                stm32f429i_discovery_sdram.o
    0x20005218   0x00000400   Zero   RW          521    STACK               startup_stm32f429xx.o


==============================================================================

Image component sizes


      Code (inc. data)   RO Data    RW Data    ZI Data      Debug   Object Name

       112          0          0          0          0       7138   cmsis_os.o
         0          0          0          0          0       1328   event_groups.o
         0          0          0          0          0       7080   freertos.o
       412         24          0         24      15360       3903   heap_4.o
       698          0          0         56          0       9183   ili9341.o
       590         18          0         44          0       7356   l3gd20.o
       136          0          0          0          0       3162   list.o
      8012        584        135       1700       2744      35481   main.o
       578         74          0         12          0       8025   port.o
        36          8        428          0       1024        884   startup_stm32f429xx.o
      1548        214          8         24        148      18017   stm32f429i_discovery.o
       108         22          0          4          0       2743   stm32f429i_discovery_gyroscope.o
         0          0          0          0          0        784   stm32f429i_discovery_io.o
      2322        212      14820         40        304      23956   stm32f429i_discovery_lcd.o
       588         48          0          0        176       3313   stm32f429i_discovery_sdram.o
       232         14          0         16          0       2332   stm32f429i_discovery_ts.o
       136         16          0          4          0       3898   stm32f4xx_hal.o
       196         24          0          0          0      29655   stm32f4xx_hal_cortex.o
      2620         38          0          0          0       2092   stm32f4xx_hal_dma.o
       740          4          0          0          0       5367   stm32f4xx_hal_dma2d.o
       498         58          0          0          0       2779   stm32f4xx_hal_gpio.o
      1608         36          0          0          0       9972   stm32f4xx_hal_i2c.o
       736         10          0          0          0       3183   stm32f4xx_hal_ltdc.o
       394         54          0          0          0       2563   stm32f4xx_hal_msp.o
      1560         62         16          0          0       5168   stm32f4xx_hal_rcc.o
       704         38          0          0          0       1488   stm32f4xx_hal_rcc_ex.o
        64          0          0          0          0       1729   stm32f4xx_hal_rng.o
       150          0          0          0          0       3244   stm32f4xx_hal_sdram.o
      1806          0          0          0          0       7992   stm32f4xx_hal_spi.o
       614         44          0          0          0       6051   stm32f4xx_hal_tim.o
        84          0          0          0          0       2234   stm32f4xx_hal_tim_ex.o
        70          0          0          0          0        964   stm32f4xx_hal_wwdg.o
        26          6          0          0          0        896   stm32f4xx_it.o
       286          0          0          0          0       3456   stm32f4xx_ll_fmc.o
       650         10          0         42          0      14551   stmpe811.o
        84         18          0         20          0     425101   system_stm32f4xx.o
      1228         90          0         56        240      12114   tasks.o

    ----------------------------------------------------------------------
     29668       1726      15440       2044      19996     679182   Object Totals
         0          0         32          0          0          0   (incl. Generated)
        42          0          1          2          0          0   (incl. Padding)

    ----------------------------------------------------------------------

      Code (inc. data)   RO Data    RW Data    ZI Data      Debug   Library Member Name

        92          0          0          0          0          0   __dczerorl2.o
         0          0          0          0          0          0   entry.o
         0          0          0          0          0          0   entry10a.o
         0          0          0          0          0          0   entry11a.o
         8          4          0          0          0          0   entry2.o
         4          0          0          0          0          0   entry5.o
         0          0          0          0          0          0   entry7b.o
         0          0          0          0          0          0   entry8b.o
         8          4          0          0          0          0   entry9a.o
        30          0          0          0          0          0   handlers.o
        36          8          0          0          0         68   init.o
         0          0          0          0          0          0   iusefp.o
        30          0          0          0          0         68   llshl.o
        36          0          0          0          0         68   llsshr.o
        32          0          0          0          0         68   llushr.o
        36          0          0          0          0         68   memcpya.o
        36          0          0          0          0        108   memseta.o
       390         12          0          0          0        248   printf1.o
        44          0          0          0          0         80   uidiv.o
        56          0          0          0          0         88   d2f.o
       334          0          0          0          0        148   dadd.o
       222          0          0          0          0        100   ddiv.o
       190          0          0          0          0        176   depilogue.o
       228          0          0          0          0         96   dmul.o
        38          0          0          0          0         68   f2d.o
       108          0          0          0          0        168   fepilogue.o

    ----------------------------------------------------------------------
      1964         28          0          0          0       1620   Library Totals
         6          0          0          0          0          0   (incl. Padding)

    ----------------------------------------------------------------------

      Code (inc. data)   RO Data    RW Data    ZI Data      Debug   Library Name

       782         28          0          0          0        776   mc_w.l
      1176          0          0          0          0        844   mf_w.l

    ----------------------------------------------------------------------
      1964         28          0          0          0       1620   Library Totals

    ----------------------------------------------------------------------

==============================================================================


      Code (inc. data)   RO Data    RW Data    ZI Data      Debug   

     31632       1754      15440       2044      19996     658674   Grand Totals
     31632       1754      15440        292      19996     658674   ELF Image Totals (compressed)
     31632       1754      15440        292          0          0   ROM Totals

==============================================================================

    Total RO  Size (Code + RO Data)                47072 (  45.97kB)
    Total RW  Size (RW Data + ZI Data)             22040 (  21.52kB)
    Total ROM Size (Code + RO Data + RW Data)      47364 (  46.25kB)

==============================================================================

